2026-03-27 19:39:08,601 | INFO | start training with config={"nqubit": 11, "period_range": [11, 12, 13, 14, 15, 16, 17, 18, 19, 20, 21, 22, 23, 24, 25, 26, 27, 28, 29, 30, 31, 32, 33, 34, 35, 36, 37, 38, 39, 40, 41, 42, 43, 44, 45, 46, 47, 48, 49, 50, 51, 52, 53, 54, 55, 56, 57, 58, 59, 60, 61, 62, 63, 64, 65, 66, 67, 68, 69, 70, 71, 72, 73, 74, 75, 76, 77, 78, 79, 80, 81, 82, 83, 84, 85, 86, 87, 88, 89, 90, 91, 92, 93, 94, 95, 96, 97, 98, 99, 100, 101, 102, 103, 104, 105, 106, 107, 108, 109, 110, 111, 112, 113, 114, 115, 116, 117, 118, 119, 120], "epochs": 300, "learning_rate": 0.05, "seed": 7, "log_interval": 25, "model_dir": "model", "data_dir": "data", "output_dir": "outputs", "model_stem": "ph1_min_fi"}
2026-03-27 19:40:16,809 | INFO | epoch=1/300 loss=-11.91950035 min_fi=11.91950035
2026-03-27 20:05:48,056 | INFO | epoch=25/300 loss=-13.63252544 min_fi=13.63252544
2026-03-27 20:32:10,814 | INFO | epoch=50/300 loss=-11.28006268 min_fi=11.28006268
2026-03-28 16:07:47,532 | INFO | start training with config={"nqubit": 11, "period_range": [11, 12, 13, 14, 15, 16, 17, 18, 19, 20, 21, 22, 23, 24, 25, 26, 27, 28, 29, 30, 31, 32, 33, 34, 35, 36, 37, 38, 39, 40, 41, 42, 43, 44, 45, 46, 47, 48, 49, 50, 51, 52, 53, 54, 55, 56, 57, 58, 59, 60, 61, 62, 63, 64, 65, 66, 67, 68, 69, 70, 71, 72, 73, 74, 75, 76, 77, 78, 79, 80, 81, 82, 83, 84, 85, 86, 87, 88, 89, 90, 91, 92, 93, 94, 95, 96, 97, 98, 99, 100, 101, 102, 103, 104, 105, 106, 107, 108, 109, 110, 111, 112, 113, 114, 115, 116, 117, 118, 119, 120], "epochs": 300, "learning_rate": 0.03, "monte_carlo_samples": 32, "seed": 7, "log_interval": 25, "model_dir": "model", "data_dir": "data", "output_dir": "outputs", "model_stem": "ph1_min_fi"}
2026-03-28 16:07:47,532 | INFO | running monte carlo initialization samples=32
2026-03-28 16:08:41,256 | INFO | selected monte carlo initialization min_fi=16.74131775
2026-03-28 16:09:45,379 | INFO | epoch=1/300 loss=-16.74131775 min_fi=16.74131775
2026-03-28 16:34:44,424 | INFO | epoch=25/300 loss=-16.74359322 min_fi=16.74359322
2026-03-28 17:00:45,246 | INFO | epoch=50/300 loss=-18.99888802 min_fi=18.99888802
2026-03-28 17:26:48,747 | INFO | epoch=75/300 loss=-17.04538727 min_fi=17.04538727
2026-03-28 18:21:09,986 | INFO | start training with config={"nqubit": 11, "period_range": [11, 12, 13, 14, 15, 16, 17, 18, 19, 20, 21, 22, 23, 24, 25, 26, 27, 28, 29, 30, 31, 32, 33, 34, 35, 36, 37, 38, 39, 40, 41, 42, 43, 44, 45, 46, 47, 48, 49, 50, 51, 52, 53, 54, 55, 56, 57, 58, 59, 60, 61, 62, 63, 64, 65, 66, 67, 68, 69, 70, 71, 72, 73, 74, 75, 76, 77, 78, 79, 80, 81, 82, 83, 84, 85, 86, 87, 88, 89, 90, 91, 92, 93, 94, 95, 96, 97, 98, 99, 100, 101, 102, 103, 104, 105, 106, 107, 108, 109, 110, 111, 112, 113, 114, 115, 116, 117, 118, 119, 120], "epochs": 300, "learning_rate": 0.01, "monte_carlo_samples": 32, "seed": 42, "log_interval": 25, "model_dir": "model", "data_dir": "data", "output_dir": "outputs", "model_stem": "ph1_min_fi"}
2026-03-28 18:21:09,986 | INFO | running monte carlo initialization samples=32
2026-03-28 18:21:41,722 | INFO | selected monte carlo initialization min_fi=16.07378960
2026-03-28 18:22:40,125 | INFO | epoch=1/300 loss=-15.49255657 min_fi=15.49255657
2026-03-28 18:46:39,451 | INFO | epoch=25/300 loss=-23.86548424 min_fi=23.86548424
2026-03-28 19:12:57,716 | INFO | epoch=50/300 loss=-22.21850014 min_fi=22.21850014
2026-03-28 19:39:13,479 | INFO | epoch=75/300 loss=-18.82001114 min_fi=18.82001114
2026-03-28 20:05:30,240 | INFO | epoch=100/300 loss=-24.25436020 min_fi=24.25436020
2026-03-28 20:31:33,832 | INFO | epoch=125/300 loss=-25.08659935 min_fi=25.08659935
2026-03-28 20:57:50,521 | INFO | epoch=150/300 loss=-20.88062668 min_fi=20.88062668
2026-03-28 21:24:27,780 | INFO | epoch=175/300 loss=-22.14214706 min_fi=22.14214706
2026-03-28 21:50:48,210 | INFO | epoch=200/300 loss=-23.36469841 min_fi=23.36469841
2026-03-28 22:17:19,436 | INFO | epoch=225/300 loss=-26.76219940 min_fi=26.76219940
2026-03-28 22:43:15,813 | INFO | epoch=250/300 loss=-25.24303818 min_fi=25.24303818
2026-03-28 23:09:43,454 | INFO | epoch=275/300 loss=-22.92208862 min_fi=22.92208862
2026-03-28 23:35:52,126 | INFO | epoch=300/300 loss=-25.73740387 min_fi=25.73740387
2026-03-28 23:35:52,131 | INFO | training finished final_min_fi=25.73740387 best_min_fi=28.87672234 best_epoch=237
<<<<<<< HEAD
2026-04-02 23:00:45,051 | INFO | start training with config={"nqubit": 11, "period_range": [11, 12, 13, 14, 15, 16, 17, 18, 19, 20, 21, 22, 23, 24, 25, 26, 27, 28, 29, 30, 31, 32, 33, 34, 35, 36, 37, 38, 39, 40, 41, 42, 43, 44, 45, 46, 47, 48, 49, 50, 51, 52, 53, 54, 55, 56, 57, 58, 59, 60, 61, 62, 63, 64, 65, 66, 67, 68, 69, 70, 71, 72, 73, 74, 75, 76, 77, 78, 79, 80, 81, 82, 83, 84, 85, 86, 87, 88, 89, 90, 91, 92, 93, 94, 95, 96, 97, 98, 99, 100, 101, 102, 103, 104, 105, 106, 107, 108, 109, 110, 111, 112, 113, 114, 115, 116, 117, 118, 119, 120], "epochs": 1000, "learning_rate": 0.05, "monte_carlo_samples": 0, "seed": 7, "log_interval": 10, "model_dir": "model", "data_dir": "data", "output_dir": "outputs", "model_stem": "ph1_min_fi"}
2026-04-02 23:00:50,476 | INFO | epoch=1/1000 loss=-10.86675644 min_fi=10.86675644
2026-04-02 23:01:25,954 | INFO | epoch=10/1000 loss=-15.66076756 min_fi=15.66076756
2026-04-02 23:02:06,121 | INFO | epoch=20/1000 loss=-14.83816910 min_fi=14.83816910
2026-04-02 23:02:45,507 | INFO | epoch=30/1000 loss=-13.41604805 min_fi=13.41604805
2026-04-02 23:03:24,865 | INFO | epoch=40/1000 loss=-12.56274986 min_fi=12.56274986
2026-04-02 23:04:04,685 | INFO | epoch=50/1000 loss=-13.45014954 min_fi=13.45014954
2026-04-02 23:04:43,874 | INFO | epoch=60/1000 loss=-9.64061642 min_fi=9.64061642
2026-04-02 23:05:22,523 | INFO | epoch=70/1000 loss=-9.69388866 min_fi=9.69388866
2026-04-02 23:06:01,625 | INFO | epoch=80/1000 loss=-12.03244209 min_fi=12.03244209
2026-04-02 23:06:42,044 | INFO | epoch=90/1000 loss=-13.87546349 min_fi=13.87546349
2026-04-02 23:07:22,010 | INFO | epoch=100/1000 loss=-14.53076553 min_fi=14.53076553
2026-04-02 23:08:01,730 | INFO | epoch=110/1000 loss=-13.24235439 min_fi=13.24235439
2026-04-02 23:08:41,349 | INFO | epoch=120/1000 loss=-15.79610825 min_fi=15.79610825
2026-04-02 23:09:20,682 | INFO | epoch=130/1000 loss=-13.96502113 min_fi=13.96502113
=======
2026-04-02 23:13:19,989 | INFO | start training with config={"nqubit": 11, "period_range": [11, 12, 13, 14, 15, 16, 17, 18, 19, 20, 21, 22, 23, 24, 25, 26, 27, 28, 29, 30, 31, 32, 33, 34, 35, 36, 37, 38, 39, 40, 41, 42, 43, 44, 45, 46, 47, 48, 49, 50, 51, 52, 53, 54, 55, 56, 57, 58, 59, 60, 61, 62, 63, 64, 65, 66, 67, 68, 69, 70, 71, 72, 73, 74, 75, 76, 77, 78, 79, 80, 81, 82, 83, 84, 85, 86, 87, 88, 89, 90, 91, 92, 93, 94, 95, 96, 97, 98, 99, 100, 101, 102, 103, 104, 105, 106, 107, 108, 109, 110, 111, 112, 113, 114, 115, 116, 117, 118, 119, 120], "epochs": 1000, "learning_rate": 0.05, "monte_carlo_samples": 0, "seed": 7, "log_interval": 10, "model_dir": "model", "data_dir": "data", "output_dir": "outputs", "model_stem": "ph1_min_fi"}
2026-04-02 23:13:22,474 | INFO | epoch=1/1000 loss=-12.05664062 min_fi=12.05664062
2026-04-02 23:13:34,813 | INFO | epoch=10/1000 loss=-16.46094513 min_fi=16.46094513
2026-04-02 23:13:49,176 | INFO | epoch=20/1000 loss=-14.31299591 min_fi=14.31299591
2026-04-02 23:14:04,941 | INFO | epoch=30/1000 loss=-18.30590439 min_fi=18.30590439
2026-04-02 23:14:19,998 | INFO | epoch=40/1000 loss=-15.03107071 min_fi=15.03107071
2026-04-02 23:14:35,758 | INFO | epoch=50/1000 loss=-15.41644382 min_fi=15.41644382
2026-04-02 23:14:51,477 | INFO | epoch=60/1000 loss=-15.62379646 min_fi=15.62379646
2026-04-02 23:15:07,043 | INFO | epoch=70/1000 loss=-15.37442303 min_fi=15.37442303
2026-04-02 23:15:23,042 | INFO | epoch=80/1000 loss=-12.57483578 min_fi=12.57483578
2026-04-02 23:15:37,676 | INFO | epoch=90/1000 loss=-14.53201294 min_fi=14.53201294
2026-04-02 23:15:53,154 | INFO | epoch=100/1000 loss=-17.04844475 min_fi=17.04844475
2026-04-02 23:16:07,670 | INFO | epoch=110/1000 loss=-14.79090691 min_fi=14.79090691
2026-04-02 23:16:22,577 | INFO | epoch=120/1000 loss=-14.35974884 min_fi=14.35974884
2026-04-02 23:16:37,558 | INFO | epoch=130/1000 loss=-14.09873867 min_fi=14.09873867
2026-04-02 23:16:52,624 | INFO | epoch=140/1000 loss=-12.68234539 min_fi=12.68234539
2026-04-02 23:17:08,071 | INFO | epoch=150/1000 loss=-16.46764755 min_fi=16.46764755
2026-04-02 23:17:23,420 | INFO | epoch=160/1000 loss=-12.37822723 min_fi=12.37822723
2026-04-02 23:17:38,818 | INFO | epoch=170/1000 loss=-15.36287498 min_fi=15.36287498
2026-04-02 23:17:53,971 | INFO | epoch=180/1000 loss=-15.80705643 min_fi=15.80705643
2026-04-02 23:18:10,009 | INFO | epoch=190/1000 loss=-16.98050690 min_fi=16.98050690
2026-04-02 23:18:23,026 | INFO | epoch=200/1000 loss=-15.91853809 min_fi=15.91853809
2026-04-02 23:18:38,139 | INFO | epoch=210/1000 loss=-16.78725433 min_fi=16.78725433
2026-04-02 23:18:52,754 | INFO | epoch=220/1000 loss=-18.55544662 min_fi=18.55544662
2026-04-02 23:19:07,226 | INFO | epoch=230/1000 loss=-18.55509567 min_fi=18.55509567
2026-04-02 23:19:22,456 | INFO | epoch=240/1000 loss=-16.91280365 min_fi=16.91280365
2026-04-02 23:19:37,850 | INFO | epoch=250/1000 loss=-14.12499428 min_fi=14.12499428
2026-04-02 23:19:52,309 | INFO | epoch=260/1000 loss=-15.49330997 min_fi=15.49330997
2026-04-02 23:20:07,289 | INFO | epoch=270/1000 loss=-15.62138081 min_fi=15.62138081
2026-04-02 23:20:21,844 | INFO | epoch=280/1000 loss=-14.53812790 min_fi=14.53812790
2026-04-02 23:20:37,187 | INFO | epoch=290/1000 loss=-13.98397350 min_fi=13.98397350
2026-04-02 23:20:52,709 | INFO | epoch=300/1000 loss=-14.30407143 min_fi=14.30407143
2026-04-02 23:21:07,727 | INFO | epoch=310/1000 loss=-14.96210098 min_fi=14.96210098
2026-04-02 23:21:22,345 | INFO | epoch=320/1000 loss=-16.46203423 min_fi=16.46203423
2026-04-02 23:21:37,557 | INFO | epoch=330/1000 loss=-15.12933731 min_fi=15.12933731
2026-04-02 23:21:51,721 | INFO | epoch=340/1000 loss=-16.46106339 min_fi=16.46106339
2026-04-02 23:22:08,509 | INFO | epoch=350/1000 loss=-21.97178459 min_fi=21.97178459
2026-04-02 23:22:25,184 | INFO | epoch=360/1000 loss=-18.18051529 min_fi=18.18051529
2026-04-02 23:22:40,519 | INFO | epoch=370/1000 loss=-16.16624260 min_fi=16.16624260
2026-04-02 23:22:56,036 | INFO | epoch=380/1000 loss=-14.99980164 min_fi=14.99980164
2026-04-02 23:23:10,537 | INFO | epoch=390/1000 loss=-12.85699081 min_fi=12.85699081
2026-04-02 23:23:25,158 | INFO | epoch=400/1000 loss=-10.42203522 min_fi=10.42203522
2026-04-02 23:23:38,079 | INFO | epoch=410/1000 loss=-15.62752151 min_fi=15.62752151
2026-04-02 23:23:53,700 | INFO | epoch=420/1000 loss=-13.30170441 min_fi=13.30170441
2026-04-02 23:24:06,632 | INFO | epoch=430/1000 loss=-14.45936203 min_fi=14.45936203
2026-04-02 23:24:20,828 | INFO | epoch=440/1000 loss=-16.67239952 min_fi=16.67239952
2026-04-02 23:24:35,391 | INFO | epoch=450/1000 loss=-11.60317421 min_fi=11.60317421
2026-04-02 23:24:49,963 | INFO | epoch=460/1000 loss=-15.95102024 min_fi=15.95102024
2026-04-02 23:25:04,669 | INFO | epoch=470/1000 loss=-17.23142815 min_fi=17.23142815
2026-04-02 23:25:19,669 | INFO | epoch=480/1000 loss=-14.85841751 min_fi=14.85841751
2026-04-02 23:25:34,159 | INFO | epoch=490/1000 loss=-19.46753883 min_fi=19.46753883
2026-04-02 23:25:50,111 | INFO | epoch=500/1000 loss=-15.68655396 min_fi=15.68655396
2026-04-02 23:26:04,464 | INFO | epoch=510/1000 loss=-14.09186745 min_fi=14.09186745
2026-04-02 23:26:19,177 | INFO | epoch=520/1000 loss=-14.30116749 min_fi=14.30116749
2026-04-02 23:26:32,900 | INFO | epoch=530/1000 loss=-15.75887680 min_fi=15.75887680
2026-04-02 23:26:46,747 | INFO | epoch=540/1000 loss=-17.33381462 min_fi=17.33381462
2026-04-02 23:27:02,054 | INFO | epoch=550/1000 loss=-16.04560089 min_fi=16.04560089
2026-04-02 23:27:16,389 | INFO | epoch=560/1000 loss=-13.90355587 min_fi=13.90355587
2026-04-02 23:27:32,331 | INFO | epoch=570/1000 loss=-11.94173717 min_fi=11.94173717
2026-04-02 23:27:47,497 | INFO | epoch=580/1000 loss=-16.92322350 min_fi=16.92322350
2026-04-02 23:28:02,879 | INFO | epoch=590/1000 loss=-17.54066849 min_fi=17.54066849
2026-04-02 23:28:18,129 | INFO | epoch=600/1000 loss=-19.18868637 min_fi=19.18868637
2026-04-02 23:28:33,587 | INFO | epoch=610/1000 loss=-18.21973419 min_fi=18.21973419
2026-04-02 23:28:46,894 | INFO | epoch=620/1000 loss=-15.36407089 min_fi=15.36407089
2026-04-02 23:29:01,846 | INFO | epoch=630/1000 loss=-15.34505558 min_fi=15.34505558
2026-04-02 23:29:15,807 | INFO | epoch=640/1000 loss=-13.70965004 min_fi=13.70965004
2026-04-02 23:29:30,488 | INFO | epoch=650/1000 loss=-17.19851875 min_fi=17.19851875
2026-04-02 23:29:45,540 | INFO | epoch=660/1000 loss=-14.72060966 min_fi=14.72060966
2026-04-02 23:30:01,258 | INFO | epoch=670/1000 loss=-22.30425835 min_fi=22.30425835
2026-04-02 23:30:16,791 | INFO | epoch=680/1000 loss=-18.28651047 min_fi=18.28651047
2026-04-02 23:30:31,207 | INFO | epoch=690/1000 loss=-18.95048904 min_fi=18.95048904
2026-04-02 23:30:45,256 | INFO | epoch=700/1000 loss=-14.88616180 min_fi=14.88616180
2026-04-02 23:30:59,748 | INFO | epoch=710/1000 loss=-15.46554852 min_fi=15.46554852
2026-04-02 23:31:15,483 | INFO | epoch=720/1000 loss=-13.12682629 min_fi=13.12682629
2026-04-02 23:31:30,886 | INFO | epoch=730/1000 loss=-13.34792423 min_fi=13.34792423
2026-04-02 23:31:46,044 | INFO | epoch=740/1000 loss=-11.34999561 min_fi=11.34999561
2026-04-02 23:32:01,312 | INFO | epoch=750/1000 loss=-17.76377869 min_fi=17.76377869
2026-04-02 23:32:18,106 | INFO | epoch=760/1000 loss=-15.27471542 min_fi=15.27471542
2026-04-02 23:32:34,059 | INFO | epoch=770/1000 loss=-15.03672600 min_fi=15.03672600
2026-04-02 23:32:50,686 | INFO | epoch=780/1000 loss=-12.21310806 min_fi=12.21310806
2026-04-02 23:33:06,779 | INFO | epoch=790/1000 loss=-15.19129944 min_fi=15.19129944
2026-04-02 23:33:21,811 | INFO | epoch=800/1000 loss=-14.43847752 min_fi=14.43847752
2026-04-02 23:33:37,614 | INFO | epoch=810/1000 loss=-15.77194118 min_fi=15.77194118
2026-04-02 23:33:51,948 | INFO | epoch=820/1000 loss=-14.32180786 min_fi=14.32180786
2026-04-02 23:34:04,268 | INFO | epoch=830/1000 loss=-17.73483276 min_fi=17.73483276
2026-04-02 23:34:18,828 | INFO | epoch=840/1000 loss=-13.10985756 min_fi=13.10985756
2026-04-02 23:34:33,088 | INFO | epoch=850/1000 loss=-15.86962891 min_fi=15.86962891
2026-04-02 23:34:47,794 | INFO | epoch=860/1000 loss=-17.82808876 min_fi=17.82808876
2026-04-02 23:34:59,746 | INFO | epoch=870/1000 loss=-16.25510216 min_fi=16.25510216
2026-04-02 23:35:13,954 | INFO | epoch=880/1000 loss=-17.06971931 min_fi=17.06971931
2026-04-02 23:35:28,866 | INFO | epoch=890/1000 loss=-19.52657127 min_fi=19.52657127
2026-04-02 23:35:42,441 | INFO | epoch=900/1000 loss=-20.44411087 min_fi=20.44411087
2026-04-02 23:35:57,204 | INFO | epoch=910/1000 loss=-21.87251091 min_fi=21.87251091
2026-04-02 23:36:11,946 | INFO | epoch=920/1000 loss=-13.52206993 min_fi=13.52206993
2026-04-02 23:36:27,707 | INFO | epoch=930/1000 loss=-19.68118668 min_fi=19.68118668
2026-04-02 23:36:43,248 | INFO | epoch=940/1000 loss=-10.31639290 min_fi=10.31639290
2026-04-02 23:36:58,140 | INFO | epoch=950/1000 loss=-14.65566063 min_fi=14.65566063
2026-04-02 23:37:11,453 | INFO | epoch=960/1000 loss=-15.16838932 min_fi=15.16838932
2026-04-02 23:37:27,112 | INFO | epoch=970/1000 loss=-17.04981804 min_fi=17.04981804
2026-04-02 23:37:41,427 | INFO | epoch=980/1000 loss=-15.35122013 min_fi=15.35122013
2026-04-02 23:37:56,275 | INFO | epoch=990/1000 loss=-14.79948807 min_fi=14.79948807
2026-04-02 23:38:11,168 | INFO | epoch=1000/1000 loss=-18.45842171 min_fi=18.45842171
2026-04-02 23:38:11,263 | INFO | training finished final_min_fi=18.45842171 best_min_fi=24.54811859 best_epoch=35
