2026-03-28 18:11:06,960 | INFO | start training with config={"nqubit": 10, "period_range": [10, 11, 12, 13, 14, 15, 16, 17, 18, 19, 20, 21, 22, 23, 24, 25, 26, 27, 28, 29, 30, 31, 32, 33, 34, 35, 36, 37, 38, 39, 40, 41, 42, 43, 44, 45, 46, 47, 48, 49, 50, 51, 52, 53, 54, 55, 56, 57, 58, 59, 60, 61, 62, 63, 64, 65, 66, 67, 68, 69, 70, 71, 72, 73, 74, 75, 76, 77, 78, 79, 80, 81, 82, 83, 84, 85, 86, 87, 88, 89, 90, 91, 92, 93, 94, 95, 96, 97, 98, 99], "epochs": 300, "learning_rate": 0.01, "monte_carlo_samples": 32, "seed": 42, "log_interval": 25, "model_dir": "model", "data_dir": "data", "output_dir": "outputs", "model_stem": "ph1_min_fi"}
2026-03-28 18:11:06,960 | INFO | running monte carlo initialization samples=32
2026-03-28 18:11:13,730 | INFO | selected monte carlo initialization min_fi=10.71882915
2026-03-28 18:11:14,763 | INFO | epoch=1/300 loss=-10.43607330 min_fi=10.43607330
2026-03-28 18:12:08,278 | INFO | epoch=25/300 loss=-15.11520576 min_fi=15.11520576
2026-03-28 18:12:55,601 | INFO | epoch=50/300 loss=-15.98853207 min_fi=15.98853207
2026-03-28 18:13:56,431 | INFO | epoch=75/300 loss=-16.86707115 min_fi=16.86707115
2026-03-28 18:14:46,714 | INFO | epoch=100/300 loss=-17.38411713 min_fi=17.38411713
2026-03-28 18:15:38,897 | INFO | epoch=125/300 loss=-15.03009319 min_fi=15.03009319
2026-03-28 18:16:22,289 | INFO | epoch=150/300 loss=-15.87325191 min_fi=15.87325191
2026-03-28 18:17:07,997 | INFO | epoch=175/300 loss=-16.83162308 min_fi=16.83162308
2026-03-28 18:17:56,189 | INFO | epoch=200/300 loss=-16.76212120 min_fi=16.76212120
2026-03-28 18:18:41,609 | INFO | epoch=225/300 loss=-17.13137436 min_fi=17.13137436
2026-03-28 18:19:28,356 | INFO | epoch=250/300 loss=-19.62053490 min_fi=19.62053490
2026-03-28 18:20:13,596 | INFO | epoch=275/300 loss=-14.01932240 min_fi=14.01932240
2026-03-28 18:21:09,980 | INFO | epoch=300/300 loss=-14.75218582 min_fi=14.75218582
2026-03-28 18:21:09,984 | INFO | training finished final_min_fi=14.75218582 best_min_fi=20.67836952 best_epoch=268
2026-03-30 16:40:06,747 | INFO | start training with config={"nqubit": 10, "period_range": [10, 11, 12, 13, 14, 15, 16, 17, 18, 19, 20, 21, 22, 23, 24, 25, 26, 27, 28, 29, 30, 31, 32, 33, 34, 35, 36, 37, 38, 39, 40, 41, 42, 43, 44, 45, 46, 47, 48, 49, 50, 51, 52, 53, 54, 55, 56, 57, 58, 59, 60, 61, 62, 63, 64, 65, 66, 67, 68, 69, 70, 71, 72, 73, 74, 75, 76, 77, 78, 79, 80, 81, 82, 83, 84, 85, 86, 87, 88, 89, 90, 91, 92, 93, 94, 95, 96, 97, 98, 99], "epochs": 1000, "learning_rate": 0.05, "monte_carlo_samples": 0, "seed": 7, "log_interval": 1, "model_dir": "model", "data_dir": "data", "output_dir": "outputs", "model_stem": "ph1_min_fi"}
2026-03-30 16:40:08,523 | INFO | epoch=1/1000 loss=-11.15508747 min_fi=11.15508747
2026-03-30 16:40:11,960 | INFO | epoch=2/1000 loss=-9.99443817 min_fi=9.99443817
2026-03-30 16:40:14,798 | INFO | epoch=3/1000 loss=-10.16949081 min_fi=10.16949081
2026-03-30 16:40:17,283 | INFO | epoch=4/1000 loss=-10.84413719 min_fi=10.84413719
2026-03-30 16:40:20,292 | INFO | epoch=5/1000 loss=-11.47266197 min_fi=11.47266197
2026-03-30 16:40:23,690 | INFO | epoch=6/1000 loss=-12.86063290 min_fi=12.86063290
2026-03-30 16:40:26,302 | INFO | epoch=7/1000 loss=-12.79693222 min_fi=12.79693222
2026-03-30 16:40:29,527 | INFO | epoch=8/1000 loss=-12.22541237 min_fi=12.22541237
2026-03-30 16:40:31,727 | INFO | epoch=9/1000 loss=-10.70078087 min_fi=10.70078087
2026-03-30 16:40:33,052 | INFO | epoch=10/1000 loss=-11.16478443 min_fi=11.16478443
2026-03-30 16:40:35,742 | INFO | epoch=11/1000 loss=-11.15788841 min_fi=11.15788841
2026-03-30 16:40:39,356 | INFO | epoch=12/1000 loss=-11.22817039 min_fi=11.22817039
2026-03-30 16:40:41,713 | INFO | epoch=13/1000 loss=-10.86854172 min_fi=10.86854172
2026-03-30 16:40:45,112 | INFO | epoch=14/1000 loss=-10.87012863 min_fi=10.87012863
2026-03-30 16:40:48,645 | INFO | epoch=15/1000 loss=-11.61273956 min_fi=11.61273956
2026-03-30 16:40:51,264 | INFO | epoch=16/1000 loss=-10.54547119 min_fi=10.54547119
2026-03-30 16:40:54,962 | INFO | epoch=17/1000 loss=-11.15104103 min_fi=11.15104103
2026-03-30 16:40:58,015 | INFO | epoch=18/1000 loss=-11.75741100 min_fi=11.75741100
2026-03-30 16:41:01,469 | INFO | epoch=19/1000 loss=-11.75556087 min_fi=11.75556087
2026-03-30 16:41:04,395 | INFO | epoch=20/1000 loss=-12.19395351 min_fi=12.19395351
2026-03-30 16:41:07,838 | INFO | epoch=21/1000 loss=-12.10655212 min_fi=12.10655212
2026-03-30 16:41:10,889 | INFO | epoch=22/1000 loss=-12.10036469 min_fi=12.10036469
2026-03-30 16:41:14,343 | INFO | epoch=23/1000 loss=-12.20806980 min_fi=12.20806980
2026-03-30 16:41:16,597 | INFO | epoch=24/1000 loss=-12.45422268 min_fi=12.45422268
2026-03-30 16:41:20,279 | INFO | epoch=25/1000 loss=-12.88888550 min_fi=12.88888550
2026-03-30 16:41:21,427 | INFO | epoch=26/1000 loss=-12.05161858 min_fi=12.05161858
2026-03-30 16:41:24,217 | INFO | epoch=27/1000 loss=-13.64350128 min_fi=13.64350128
2026-03-30 16:41:27,361 | INFO | epoch=28/1000 loss=-13.35312843 min_fi=13.35312843
2026-03-30 16:41:30,177 | INFO | epoch=29/1000 loss=-14.47497940 min_fi=14.47497940
2026-03-30 16:41:32,308 | INFO | epoch=30/1000 loss=-12.16942787 min_fi=12.16942787
2026-03-30 16:41:35,082 | INFO | epoch=31/1000 loss=-12.69802856 min_fi=12.69802856
2026-03-30 16:41:37,987 | INFO | epoch=32/1000 loss=-13.52953720 min_fi=13.52953720
2026-03-30 16:41:40,801 | INFO | epoch=33/1000 loss=-12.45281601 min_fi=12.45281601
2026-03-30 16:41:44,537 | INFO | epoch=34/1000 loss=-11.54857922 min_fi=11.54857922
2026-03-30 16:41:47,149 | INFO | epoch=35/1000 loss=-11.61067009 min_fi=11.61067009
2026-03-30 16:41:50,233 | INFO | epoch=36/1000 loss=-11.99683380 min_fi=11.99683380
2026-03-30 16:41:52,511 | INFO | epoch=37/1000 loss=-11.16166592 min_fi=11.16166592
2026-03-30 16:41:55,208 | INFO | epoch=38/1000 loss=-11.00551987 min_fi=11.00551987
2026-03-30 16:41:58,705 | INFO | epoch=39/1000 loss=-10.96100426 min_fi=10.96100426
2026-03-30 16:42:01,530 | INFO | epoch=40/1000 loss=-11.57031155 min_fi=11.57031155
2026-03-30 16:42:04,327 | INFO | epoch=41/1000 loss=-13.10495090 min_fi=13.10495090
2026-03-30 16:42:06,670 | INFO | epoch=42/1000 loss=-11.84379959 min_fi=11.84379959
2026-03-30 16:42:09,418 | INFO | epoch=43/1000 loss=-11.41274357 min_fi=11.41274357
2026-03-30 16:42:12,000 | INFO | epoch=44/1000 loss=-11.54701233 min_fi=11.54701233
2026-03-30 16:42:14,083 | INFO | epoch=45/1000 loss=-13.19828224 min_fi=13.19828224
2026-03-30 16:42:16,199 | INFO | epoch=46/1000 loss=-11.08015442 min_fi=11.08015442
2026-03-30 16:42:20,039 | INFO | epoch=47/1000 loss=-10.56702614 min_fi=10.56702614
2026-03-30 16:42:22,325 | INFO | epoch=48/1000 loss=-10.63575363 min_fi=10.63575363
2026-03-30 16:42:23,787 | INFO | epoch=49/1000 loss=-10.89890194 min_fi=10.89890194
2026-03-30 16:42:24,902 | INFO | epoch=50/1000 loss=-10.84580135 min_fi=10.84580135
2026-03-30 16:42:27,285 | INFO | epoch=51/1000 loss=-10.95588398 min_fi=10.95588398
2026-03-30 16:42:30,990 | INFO | epoch=52/1000 loss=-10.80773354 min_fi=10.80773354
2026-03-30 16:42:33,545 | INFO | epoch=53/1000 loss=-12.08274174 min_fi=12.08274174
2026-03-30 16:42:36,397 | INFO | epoch=54/1000 loss=-12.16739655 min_fi=12.16739655
2026-03-30 16:42:39,241 | INFO | epoch=55/1000 loss=-12.11000443 min_fi=12.11000443
2026-03-30 16:42:41,761 | INFO | epoch=56/1000 loss=-12.65865040 min_fi=12.65865040
2026-03-30 16:42:43,820 | INFO | epoch=57/1000 loss=-12.57988453 min_fi=12.57988453
2026-03-30 16:42:47,351 | INFO | epoch=58/1000 loss=-12.03920841 min_fi=12.03920841
2026-03-30 16:42:49,856 | INFO | epoch=59/1000 loss=-12.09622097 min_fi=12.09622097
2026-03-30 16:42:53,164 | INFO | epoch=60/1000 loss=-11.96436977 min_fi=11.96436977
2026-03-30 16:42:56,084 | INFO | epoch=61/1000 loss=-12.07851315 min_fi=12.07851315
2026-03-30 16:42:59,911 | INFO | epoch=62/1000 loss=-11.68857574 min_fi=11.68857574
2026-03-30 16:43:01,713 | INFO | epoch=63/1000 loss=-11.75110149 min_fi=11.75110149
2026-03-30 16:43:04,534 | INFO | epoch=64/1000 loss=-11.99315548 min_fi=11.99315548
2026-03-30 16:43:06,444 | INFO | epoch=65/1000 loss=-12.52678394 min_fi=12.52678394
2026-03-30 16:43:09,374 | INFO | epoch=66/1000 loss=-11.37529945 min_fi=11.37529945
2026-03-30 16:43:11,289 | INFO | epoch=67/1000 loss=-12.72148418 min_fi=12.72148418
2026-03-30 16:43:13,782 | INFO | epoch=68/1000 loss=-13.02538300 min_fi=13.02538300
2026-03-30 16:43:14,999 | INFO | epoch=69/1000 loss=-10.70764065 min_fi=10.70764065
2026-03-30 16:43:16,820 | INFO | epoch=70/1000 loss=-10.91065216 min_fi=10.91065216
2026-03-30 16:43:20,263 | INFO | epoch=71/1000 loss=-11.11883354 min_fi=11.11883354
2026-03-30 16:43:22,805 | INFO | epoch=72/1000 loss=-11.35611820 min_fi=11.35611820
2026-03-30 16:43:23,937 | INFO | epoch=73/1000 loss=-10.94056797 min_fi=10.94056797
2026-03-30 16:43:27,295 | INFO | epoch=74/1000 loss=-11.05092621 min_fi=11.05092621
2026-03-30 16:43:31,140 | INFO | epoch=75/1000 loss=-11.20182705 min_fi=11.20182705
2026-03-30 16:43:33,795 | INFO | epoch=76/1000 loss=-11.34074116 min_fi=11.34074116
2026-03-30 16:43:36,347 | INFO | epoch=77/1000 loss=-11.25182247 min_fi=11.25182247
2026-03-30 16:43:39,763 | INFO | epoch=78/1000 loss=-10.85875130 min_fi=10.85875130
2026-03-30 16:43:42,509 | INFO | epoch=79/1000 loss=-12.14509869 min_fi=12.14509869
2026-03-30 16:43:45,038 | INFO | epoch=80/1000 loss=-11.02971745 min_fi=11.02971745
2026-03-30 16:43:47,560 | INFO | epoch=81/1000 loss=-11.59429550 min_fi=11.59429550
2026-03-30 16:43:50,930 | INFO | epoch=82/1000 loss=-11.49868107 min_fi=11.49868107
2026-03-30 16:43:54,819 | INFO | epoch=83/1000 loss=-12.21803093 min_fi=12.21803093
2026-03-30 16:43:57,004 | INFO | epoch=84/1000 loss=-11.98970413 min_fi=11.98970413
2026-03-30 16:43:59,512 | INFO | epoch=85/1000 loss=-11.96379185 min_fi=11.96379185
2026-03-30 16:44:02,430 | INFO | epoch=86/1000 loss=-10.62561321 min_fi=10.62561321
2026-03-30 16:44:05,193 | INFO | epoch=87/1000 loss=-10.51629353 min_fi=10.51629353
2026-03-30 16:44:07,705 | INFO | epoch=88/1000 loss=-11.10763741 min_fi=11.10763741
2026-03-30 16:44:10,042 | INFO | epoch=89/1000 loss=-12.13185596 min_fi=12.13185596
2026-03-30 16:44:12,788 | INFO | epoch=90/1000 loss=-11.73205948 min_fi=11.73205948
2026-03-30 16:44:16,205 | INFO | epoch=91/1000 loss=-12.41301727 min_fi=12.41301727
2026-03-30 16:44:18,480 | INFO | epoch=92/1000 loss=-11.76914501 min_fi=11.76914501
2026-03-30 16:44:21,021 | INFO | epoch=93/1000 loss=-11.72634792 min_fi=11.72634792
2026-03-30 16:44:22,981 | INFO | epoch=94/1000 loss=-11.33355618 min_fi=11.33355618
2026-03-30 16:44:26,723 | INFO | epoch=95/1000 loss=-11.10837269 min_fi=11.10837269
2026-03-30 16:44:29,554 | INFO | epoch=96/1000 loss=-11.57743263 min_fi=11.57743263
2026-03-30 16:44:32,756 | INFO | epoch=97/1000 loss=-11.53397846 min_fi=11.53397846
2026-03-30 16:44:35,896 | INFO | epoch=98/1000 loss=-12.21434784 min_fi=12.21434784
2026-03-30 16:44:38,078 | INFO | epoch=99/1000 loss=-11.51443672 min_fi=11.51443672
2026-03-30 16:44:41,315 | INFO | epoch=100/1000 loss=-13.36997318 min_fi=13.36997318
2026-03-30 16:44:43,800 | INFO | epoch=101/1000 loss=-12.93763065 min_fi=12.93763065
2026-03-30 16:44:46,156 | INFO | epoch=102/1000 loss=-12.31684685 min_fi=12.31684685
2026-03-30 16:44:48,935 | INFO | epoch=103/1000 loss=-12.23478222 min_fi=12.23478222
2026-03-30 16:44:52,564 | INFO | epoch=104/1000 loss=-12.67996979 min_fi=12.67996979
2026-03-30 16:44:54,939 | INFO | epoch=105/1000 loss=-13.04727077 min_fi=13.04727077
2026-03-30 16:44:57,672 | INFO | epoch=106/1000 loss=-12.78590679 min_fi=12.78590679
2026-03-30 16:45:00,208 | INFO | epoch=107/1000 loss=-12.06222153 min_fi=12.06222153
2026-03-30 16:45:02,763 | INFO | epoch=108/1000 loss=-12.03510094 min_fi=12.03510094
2026-03-30 16:45:04,858 | INFO | epoch=109/1000 loss=-11.55602264 min_fi=11.55602264
2026-03-30 16:45:06,894 | INFO | epoch=110/1000 loss=-13.03421879 min_fi=13.03421879
2026-03-30 16:45:08,965 | INFO | epoch=111/1000 loss=-13.73077583 min_fi=13.73077583
2026-03-30 16:45:11,486 | INFO | epoch=112/1000 loss=-13.46046543 min_fi=13.46046543
2026-03-30 16:45:15,085 | INFO | epoch=113/1000 loss=-12.55073071 min_fi=12.55073071
2026-03-30 16:45:17,787 | INFO | epoch=114/1000 loss=-12.70372105 min_fi=12.70372105
2026-03-30 16:45:21,506 | INFO | epoch=115/1000 loss=-12.57480240 min_fi=12.57480240
2026-03-30 16:45:24,925 | INFO | epoch=116/1000 loss=-14.99087906 min_fi=14.99087906
2026-03-30 16:45:29,725 | INFO | epoch=117/1000 loss=-15.31182289 min_fi=15.31182289
2026-03-30 16:45:33,348 | INFO | epoch=118/1000 loss=-15.43067932 min_fi=15.43067932
2026-03-30 16:45:36,959 | INFO | epoch=119/1000 loss=-15.59689045 min_fi=15.59689045
2026-03-30 16:45:40,272 | INFO | epoch=120/1000 loss=-12.57827950 min_fi=12.57827950
2026-03-30 16:45:43,273 | INFO | epoch=121/1000 loss=-13.54249763 min_fi=13.54249763
2026-03-30 16:45:45,632 | INFO | epoch=122/1000 loss=-12.19130230 min_fi=12.19130230
2026-03-30 16:45:48,351 | INFO | epoch=123/1000 loss=-12.46119308 min_fi=12.46119308
2026-03-30 16:45:50,956 | INFO | epoch=124/1000 loss=-12.19045639 min_fi=12.19045639
2026-03-30 16:45:54,060 | INFO | epoch=125/1000 loss=-12.80533600 min_fi=12.80533600
2026-03-30 16:45:55,880 | INFO | epoch=126/1000 loss=-12.03775406 min_fi=12.03775406
2026-03-30 16:45:57,887 | INFO | epoch=127/1000 loss=-11.23984432 min_fi=11.23984432
2026-03-30 16:46:00,785 | INFO | epoch=128/1000 loss=-11.67281723 min_fi=11.67281723
2026-03-30 16:46:03,214 | INFO | epoch=129/1000 loss=-13.35062027 min_fi=13.35062027
2026-03-30 16:46:05,773 | INFO | epoch=130/1000 loss=-12.30631733 min_fi=12.30631733
2026-03-30 16:46:09,027 | INFO | epoch=131/1000 loss=-12.52969074 min_fi=12.52969074
2026-03-30 16:46:11,466 | INFO | epoch=132/1000 loss=-13.09233952 min_fi=13.09233952
2026-03-30 16:46:14,433 | INFO | epoch=133/1000 loss=-12.65327263 min_fi=12.65327263
2026-03-30 16:46:16,453 | INFO | epoch=134/1000 loss=-13.20478153 min_fi=13.20478153
2026-03-30 16:46:20,244 | INFO | epoch=135/1000 loss=-13.72548485 min_fi=13.72548485
2026-03-30 16:46:23,707 | INFO | epoch=136/1000 loss=-13.80128956 min_fi=13.80128956
2026-03-30 16:46:25,953 | INFO | epoch=137/1000 loss=-14.21286678 min_fi=14.21286678
2026-03-30 16:46:28,157 | INFO | epoch=138/1000 loss=-12.65746593 min_fi=12.65746593
2026-03-30 16:46:32,110 | INFO | epoch=139/1000 loss=-13.63398361 min_fi=13.63398361
2026-03-30 16:46:35,625 | INFO | epoch=140/1000 loss=-12.50361538 min_fi=12.50361538
2026-03-30 16:46:37,846 | INFO | epoch=141/1000 loss=-13.85463333 min_fi=13.85463333
2026-03-30 16:46:40,900 | INFO | epoch=142/1000 loss=-13.10240650 min_fi=13.10240650
2026-03-30 16:46:43,541 | INFO | epoch=143/1000 loss=-13.58758926 min_fi=13.58758926
2026-03-30 16:46:46,968 | INFO | epoch=144/1000 loss=-12.01590919 min_fi=12.01590919
2026-03-30 16:46:50,309 | INFO | epoch=145/1000 loss=-11.14863110 min_fi=11.14863110
2026-03-30 16:46:53,909 | INFO | epoch=146/1000 loss=-11.37162685 min_fi=11.37162685
2026-03-30 16:46:55,169 | INFO | epoch=147/1000 loss=-11.84817410 min_fi=11.84817410
2026-03-30 16:46:58,656 | INFO | epoch=148/1000 loss=-12.39721012 min_fi=12.39721012
2026-03-30 16:47:01,446 | INFO | epoch=149/1000 loss=-12.02461052 min_fi=12.02461052
2026-03-30 16:47:04,459 | INFO | epoch=150/1000 loss=-12.14424992 min_fi=12.14424992
2026-03-30 16:47:06,798 | INFO | epoch=151/1000 loss=-9.92814350 min_fi=9.92814350
2026-03-30 16:47:09,852 | INFO | epoch=152/1000 loss=-12.09894753 min_fi=12.09894753
2026-03-30 16:47:12,650 | INFO | epoch=153/1000 loss=-11.01315975 min_fi=11.01315975
2026-03-30 16:47:14,910 | INFO | epoch=154/1000 loss=-11.32262897 min_fi=11.32262897
2026-03-30 16:47:18,670 | INFO | epoch=155/1000 loss=-13.80870056 min_fi=13.80870056
2026-03-30 16:47:22,507 | INFO | epoch=156/1000 loss=-13.67459679 min_fi=13.67459679
2026-03-30 16:47:26,214 | INFO | epoch=157/1000 loss=-12.19158268 min_fi=12.19158268
2026-03-30 16:47:29,258 | INFO | epoch=158/1000 loss=-14.14114475 min_fi=14.14114475
2026-03-30 16:47:31,755 | INFO | epoch=159/1000 loss=-15.64862919 min_fi=15.64862919
2026-03-30 16:47:34,955 | INFO | epoch=160/1000 loss=-15.98541832 min_fi=15.98541832
2026-03-30 16:47:39,080 | INFO | epoch=161/1000 loss=-13.17192841 min_fi=13.17192841
2026-03-30 16:47:41,734 | INFO | epoch=162/1000 loss=-12.52015495 min_fi=12.52015495
2026-03-30 16:47:45,388 | INFO | epoch=163/1000 loss=-12.10164833 min_fi=12.10164833
2026-03-30 16:47:48,905 | INFO | epoch=164/1000 loss=-12.22291946 min_fi=12.22291946
2026-03-30 16:47:50,439 | INFO | epoch=165/1000 loss=-11.68864632 min_fi=11.68864632
2026-03-30 16:47:52,569 | INFO | epoch=166/1000 loss=-12.06684303 min_fi=12.06684303
2026-03-30 16:47:54,627 | INFO | epoch=167/1000 loss=-11.93108082 min_fi=11.93108082
2026-03-30 16:47:58,778 | INFO | epoch=168/1000 loss=-11.96608829 min_fi=11.96608829
2026-03-30 16:48:01,900 | INFO | epoch=169/1000 loss=-12.24324703 min_fi=12.24324703
2026-03-30 16:48:04,734 | INFO | epoch=170/1000 loss=-12.77541065 min_fi=12.77541065
2026-03-30 16:48:08,017 | INFO | epoch=171/1000 loss=-12.49539185 min_fi=12.49539185
2026-03-30 16:48:10,588 | INFO | epoch=172/1000 loss=-12.33008385 min_fi=12.33008385
2026-03-30 16:48:13,536 | INFO | epoch=173/1000 loss=-13.06705570 min_fi=13.06705570
2026-03-30 16:48:16,413 | INFO | epoch=174/1000 loss=-12.90280437 min_fi=12.90280437
2026-03-30 16:48:19,875 | INFO | epoch=175/1000 loss=-11.34803867 min_fi=11.34803867
2026-03-30 16:48:21,759 | INFO | epoch=176/1000 loss=-11.78340816 min_fi=11.78340816
2026-03-30 16:48:25,279 | INFO | epoch=177/1000 loss=-12.44187546 min_fi=12.44187546
2026-03-30 16:48:27,189 | INFO | epoch=178/1000 loss=-10.71754169 min_fi=10.71754169
2026-03-30 16:48:30,932 | INFO | epoch=179/1000 loss=-10.72300339 min_fi=10.72300339
2026-03-30 16:48:33,281 | INFO | epoch=180/1000 loss=-10.46614456 min_fi=10.46614456
2026-03-30 16:48:35,204 | INFO | epoch=181/1000 loss=-10.33604908 min_fi=10.33604908
2026-03-30 16:48:37,361 | INFO | epoch=182/1000 loss=-10.20093822 min_fi=10.20093822
2026-03-30 16:48:39,322 | INFO | epoch=183/1000 loss=-10.11993790 min_fi=10.11993790
2026-03-30 16:48:42,783 | INFO | epoch=184/1000 loss=-10.15369701 min_fi=10.15369701
2026-03-30 16:48:45,602 | INFO | epoch=185/1000 loss=-10.31697845 min_fi=10.31697845
2026-03-30 16:48:47,990 | INFO | epoch=186/1000 loss=-10.40217304 min_fi=10.40217304
2026-03-30 16:48:50,878 | INFO | epoch=187/1000 loss=-10.42657375 min_fi=10.42657375
2026-03-30 16:48:53,804 | INFO | epoch=188/1000 loss=-10.35459614 min_fi=10.35459614
2026-03-30 16:48:57,186 | INFO | epoch=189/1000 loss=-10.51387024 min_fi=10.51387024
2026-03-30 16:49:01,300 | INFO | epoch=190/1000 loss=-10.54977894 min_fi=10.54977894
2026-03-30 16:49:04,930 | INFO | epoch=191/1000 loss=-10.83313370 min_fi=10.83313370
2026-03-30 16:49:08,873 | INFO | epoch=192/1000 loss=-10.96391487 min_fi=10.96391487
2026-03-30 16:49:10,489 | INFO | epoch=193/1000 loss=-11.14439678 min_fi=11.14439678
2026-03-30 16:49:12,319 | INFO | epoch=194/1000 loss=-11.34181881 min_fi=11.34181881
2026-03-30 16:49:13,749 | INFO | epoch=195/1000 loss=-11.44757938 min_fi=11.44757938
2026-03-30 16:49:17,735 | INFO | epoch=196/1000 loss=-11.70370102 min_fi=11.70370102
2026-03-30 16:49:20,198 | INFO | epoch=197/1000 loss=-11.67825508 min_fi=11.67825508
2026-03-30 16:49:23,649 | INFO | epoch=198/1000 loss=-11.70508575 min_fi=11.70508575
2026-03-30 16:49:26,061 | INFO | epoch=199/1000 loss=-11.94610214 min_fi=11.94610214
2026-03-30 16:49:27,784 | INFO | epoch=200/1000 loss=-12.26420689 min_fi=12.26420689
2026-03-30 16:49:30,985 | INFO | epoch=201/1000 loss=-11.64946461 min_fi=11.64946461
2026-03-30 16:49:33,115 | INFO | epoch=202/1000 loss=-12.40839672 min_fi=12.40839672
2026-03-30 16:49:35,770 | INFO | epoch=203/1000 loss=-12.62229633 min_fi=12.62229633
2026-03-30 16:49:36,964 | INFO | epoch=204/1000 loss=-12.45451355 min_fi=12.45451355
2026-03-30 16:49:40,900 | INFO | epoch=205/1000 loss=-14.91553593 min_fi=14.91553593
2026-03-30 16:49:42,926 | INFO | epoch=206/1000 loss=-12.96875381 min_fi=12.96875381
2026-03-30 16:49:46,067 | INFO | epoch=207/1000 loss=-13.58030605 min_fi=13.58030605
2026-03-30 16:49:49,482 | INFO | epoch=208/1000 loss=-11.82977486 min_fi=11.82977486
2026-03-30 16:49:53,446 | INFO | epoch=209/1000 loss=-13.18750668 min_fi=13.18750668
2026-03-30 16:49:55,714 | INFO | epoch=210/1000 loss=-13.71650791 min_fi=13.71650791
2026-03-30 16:49:58,196 | INFO | epoch=211/1000 loss=-14.29845142 min_fi=14.29845142
2026-03-30 16:50:01,335 | INFO | epoch=212/1000 loss=-15.18072033 min_fi=15.18072033
2026-03-30 16:50:05,041 | INFO | epoch=213/1000 loss=-12.99940300 min_fi=12.99940300
2026-03-30 16:50:07,633 | INFO | epoch=214/1000 loss=-12.78543854 min_fi=12.78543854
2026-03-30 16:50:09,501 | INFO | epoch=215/1000 loss=-12.88785172 min_fi=12.88785172
2026-03-30 16:50:12,891 | INFO | epoch=216/1000 loss=-9.14179039 min_fi=9.14179039
2026-03-30 16:50:14,874 | INFO | epoch=217/1000 loss=-7.74160051 min_fi=7.74160051
2026-03-30 16:50:16,730 | INFO | epoch=218/1000 loss=-7.33659363 min_fi=7.33659363
2026-03-30 16:50:19,572 | INFO | epoch=219/1000 loss=-7.31890821 min_fi=7.31890821
2026-03-30 16:50:23,162 | INFO | epoch=220/1000 loss=-7.59557915 min_fi=7.59557915
2026-03-30 16:50:27,352 | INFO | epoch=221/1000 loss=-8.01032448 min_fi=8.01032448
2026-03-30 16:50:30,944 | INFO | epoch=222/1000 loss=-8.05570316 min_fi=8.05570316
2026-03-30 16:50:34,596 | INFO | epoch=223/1000 loss=-8.11089420 min_fi=8.11089420
2026-03-30 16:50:37,899 | INFO | epoch=224/1000 loss=-8.66030121 min_fi=8.66030121
2026-03-30 16:50:41,919 | INFO | epoch=225/1000 loss=-9.71330261 min_fi=9.71330261
2026-03-30 16:50:44,837 | INFO | epoch=226/1000 loss=-10.84176254 min_fi=10.84176254
2026-03-30 16:50:46,096 | INFO | epoch=227/1000 loss=-9.48557854 min_fi=9.48557854
2026-03-30 16:50:49,560 | INFO | epoch=228/1000 loss=-12.03152752 min_fi=12.03152752
2026-03-30 16:50:52,076 | INFO | epoch=229/1000 loss=-12.07673168 min_fi=12.07673168
2026-03-30 16:50:55,398 | INFO | epoch=230/1000 loss=-12.15213680 min_fi=12.15213680
2026-03-30 16:50:57,808 | INFO | epoch=231/1000 loss=-10.40891743 min_fi=10.40891743
2026-03-30 16:51:01,389 | INFO | epoch=232/1000 loss=-10.12592602 min_fi=10.12592602
2026-03-30 16:51:05,153 | INFO | epoch=233/1000 loss=-11.27126122 min_fi=11.27126122
2026-03-30 16:51:07,307 | INFO | epoch=234/1000 loss=-10.72652912 min_fi=10.72652912
2026-03-30 16:51:09,698 | INFO | epoch=235/1000 loss=-11.88050747 min_fi=11.88050747
2026-03-30 16:51:13,435 | INFO | epoch=236/1000 loss=-8.84538555 min_fi=8.84538555
2026-03-30 16:51:16,568 | INFO | epoch=237/1000 loss=-8.18419933 min_fi=8.18419933
2026-03-30 16:51:18,716 | INFO | epoch=238/1000 loss=-8.14180374 min_fi=8.14180374
2026-03-30 16:51:22,467 | INFO | epoch=239/1000 loss=-8.35559082 min_fi=8.35559082
2026-03-30 16:51:25,593 | INFO | epoch=240/1000 loss=-8.84564877 min_fi=8.84564877
2026-03-30 16:51:27,933 | INFO | epoch=241/1000 loss=-9.43616676 min_fi=9.43616676
2026-03-30 16:51:29,596 | INFO | epoch=242/1000 loss=-9.46553993 min_fi=9.46553993
2026-03-30 16:51:32,305 | INFO | epoch=243/1000 loss=-9.09319878 min_fi=9.09319878
2026-03-30 16:51:35,180 | INFO | epoch=244/1000 loss=-9.00377655 min_fi=9.00377655
2026-03-30 16:51:37,721 | INFO | epoch=245/1000 loss=-9.10711861 min_fi=9.10711861
2026-03-30 16:51:40,032 | INFO | epoch=246/1000 loss=-9.34752178 min_fi=9.34752178
2026-03-30 16:51:43,168 | INFO | epoch=247/1000 loss=-9.16310024 min_fi=9.16310024
2026-03-30 16:51:45,566 | INFO | epoch=248/1000 loss=-9.10353279 min_fi=9.10353279
2026-03-30 16:51:48,580 | INFO | epoch=249/1000 loss=-9.14426804 min_fi=9.14426804
2026-03-30 16:51:51,327 | INFO | epoch=250/1000 loss=-9.29145908 min_fi=9.29145908
2026-03-30 16:51:54,583 | INFO | epoch=251/1000 loss=-9.58172321 min_fi=9.58172321
2026-03-30 16:51:57,758 | INFO | epoch=252/1000 loss=-10.10380745 min_fi=10.10380745
2026-03-30 16:52:01,135 | INFO | epoch=253/1000 loss=-10.84979630 min_fi=10.84979630
2026-03-30 16:52:05,213 | INFO | epoch=254/1000 loss=-11.62272453 min_fi=11.62272453
2026-03-30 16:52:08,067 | INFO | epoch=255/1000 loss=-11.58643627 min_fi=11.58643627
2026-03-30 16:52:11,259 | INFO | epoch=256/1000 loss=-10.91532326 min_fi=10.91532326
2026-03-30 16:52:13,585 | INFO | epoch=257/1000 loss=-12.53156567 min_fi=12.53156567
2026-03-30 16:52:17,161 | INFO | epoch=258/1000 loss=-9.83116055 min_fi=9.83116055
2026-03-30 16:52:19,681 | INFO | epoch=259/1000 loss=-9.44467449 min_fi=9.44467449
2026-03-30 16:52:22,930 | INFO | epoch=260/1000 loss=-9.45935631 min_fi=9.45935631
2026-03-30 16:52:26,408 | INFO | epoch=261/1000 loss=-9.04741669 min_fi=9.04741669
2026-03-30 16:52:27,846 | INFO | epoch=262/1000 loss=-9.02213669 min_fi=9.02213669
2026-03-30 16:52:31,086 | INFO | epoch=263/1000 loss=-9.31909847 min_fi=9.31909847
2026-03-30 16:52:34,461 | INFO | epoch=264/1000 loss=-15.23005486 min_fi=15.23005486
2026-03-30 16:52:36,972 | INFO | epoch=265/1000 loss=-11.09917164 min_fi=11.09917164
2026-03-30 16:52:39,529 | INFO | epoch=266/1000 loss=-9.57247543 min_fi=9.57247543
2026-03-30 16:52:42,597 | INFO | epoch=267/1000 loss=-10.79658031 min_fi=10.79658031
2026-03-30 16:52:44,317 | INFO | epoch=268/1000 loss=-10.11451530 min_fi=10.11451530
2026-03-30 16:52:46,490 | INFO | epoch=269/1000 loss=-9.72109318 min_fi=9.72109318
2026-03-30 16:52:49,818 | INFO | epoch=270/1000 loss=-10.03542519 min_fi=10.03542519
2026-03-30 16:52:53,414 | INFO | epoch=271/1000 loss=-8.88570786 min_fi=8.88570786
2026-03-30 16:52:56,677 | INFO | epoch=272/1000 loss=-8.54286671 min_fi=8.54286671
2026-03-30 16:52:59,140 | INFO | epoch=273/1000 loss=-8.53678513 min_fi=8.53678513
2026-03-30 16:53:02,238 | INFO | epoch=274/1000 loss=-8.85473728 min_fi=8.85473728
2026-03-30 16:53:05,729 | INFO | epoch=275/1000 loss=-9.60617828 min_fi=9.60617828
2026-03-30 16:53:09,670 | INFO | epoch=276/1000 loss=-9.71537876 min_fi=9.71537876
2026-03-30 16:53:12,798 | INFO | epoch=277/1000 loss=-10.26237965 min_fi=10.26237965
2026-03-30 16:53:15,501 | INFO | epoch=278/1000 loss=-10.35728645 min_fi=10.35728645
2026-03-30 16:53:18,103 | INFO | epoch=279/1000 loss=-10.56109428 min_fi=10.56109428
2026-03-30 16:53:21,622 | INFO | epoch=280/1000 loss=-11.09366512 min_fi=11.09366512
2026-03-30 16:53:24,129 | INFO | epoch=281/1000 loss=-11.47404099 min_fi=11.47404099
2026-03-30 16:53:26,560 | INFO | epoch=282/1000 loss=-13.44849777 min_fi=13.44849777
2026-03-30 16:53:29,821 | INFO | epoch=283/1000 loss=-10.95832825 min_fi=10.95832825
2026-03-30 16:53:32,079 | INFO | epoch=284/1000 loss=-11.23813438 min_fi=11.23813438
2026-03-30 16:53:34,909 | INFO | epoch=285/1000 loss=-11.07603264 min_fi=11.07603264
2026-03-30 16:53:38,020 | INFO | epoch=286/1000 loss=-9.30252171 min_fi=9.30252171
2026-03-30 16:53:39,721 | INFO | epoch=287/1000 loss=-10.54225254 min_fi=10.54225254
2026-03-30 16:53:43,071 | INFO | epoch=288/1000 loss=-10.70946121 min_fi=10.70946121
2026-03-30 16:53:45,282 | INFO | epoch=289/1000 loss=-10.88503838 min_fi=10.88503838
2026-03-30 16:53:47,577 | INFO | epoch=290/1000 loss=-10.24950027 min_fi=10.24950027
2026-03-30 16:53:51,108 | INFO | epoch=291/1000 loss=-10.22296238 min_fi=10.22296238
2026-03-30 16:53:54,542 | INFO | epoch=292/1000 loss=-10.81706047 min_fi=10.81706047
2026-03-30 16:53:58,210 | INFO | epoch=293/1000 loss=-10.92678738 min_fi=10.92678738
2026-03-30 16:54:00,167 | INFO | epoch=294/1000 loss=-11.15774632 min_fi=11.15774632
2026-03-30 16:54:03,031 | INFO | epoch=295/1000 loss=-11.51285839 min_fi=11.51285839
2026-03-30 16:54:06,790 | INFO | epoch=296/1000 loss=-11.62391853 min_fi=11.62391853
2026-03-30 16:54:10,579 | INFO | epoch=297/1000 loss=-11.90543938 min_fi=11.90543938
2026-03-30 16:54:14,070 | INFO | epoch=298/1000 loss=-12.51350021 min_fi=12.51350021
2026-03-30 16:54:17,019 | INFO | epoch=299/1000 loss=-12.40707588 min_fi=12.40707588
2026-03-30 16:54:20,321 | INFO | epoch=300/1000 loss=-12.03131676 min_fi=12.03131676
2026-03-30 16:54:22,159 | INFO | epoch=301/1000 loss=-12.81108761 min_fi=12.81108761
2026-03-30 16:54:24,692 | INFO | epoch=302/1000 loss=-11.70519257 min_fi=11.70519257
2026-03-30 16:54:28,670 | INFO | epoch=303/1000 loss=-12.95628166 min_fi=12.95628166
2026-03-30 16:54:32,407 | INFO | epoch=304/1000 loss=-10.35591602 min_fi=10.35591602
2026-03-30 16:54:34,020 | INFO | epoch=305/1000 loss=-11.69901276 min_fi=11.69901276
2026-03-30 16:54:37,273 | INFO | epoch=306/1000 loss=-12.09526062 min_fi=12.09526062
2026-03-30 16:54:40,597 | INFO | epoch=307/1000 loss=-11.48417759 min_fi=11.48417759
2026-03-30 16:54:44,024 | INFO | epoch=308/1000 loss=-12.57956791 min_fi=12.57956791
2026-03-30 16:54:45,418 | INFO | epoch=309/1000 loss=-13.33925247 min_fi=13.33925247
2026-03-30 16:54:47,913 | INFO | epoch=310/1000 loss=-13.22049332 min_fi=13.22049332
2026-03-30 16:54:49,873 | INFO | epoch=311/1000 loss=-11.45998573 min_fi=11.45998573
2026-03-30 16:54:52,569 | INFO | epoch=312/1000 loss=-11.41613007 min_fi=11.41613007
2026-03-30 16:54:55,544 | INFO | epoch=313/1000 loss=-10.68960476 min_fi=10.68960476
2026-03-30 16:54:58,795 | INFO | epoch=314/1000 loss=-10.87356377 min_fi=10.87356377
2026-03-30 16:55:01,303 | INFO | epoch=315/1000 loss=-10.72408867 min_fi=10.72408867
2026-03-30 16:55:03,326 | INFO | epoch=316/1000 loss=-10.73560619 min_fi=10.73560619
2026-03-30 16:55:06,579 | INFO | epoch=317/1000 loss=-9.94004726 min_fi=9.94004726
2026-03-30 16:55:08,598 | INFO | epoch=318/1000 loss=-10.14883804 min_fi=10.14883804
2026-03-30 16:55:11,284 | INFO | epoch=319/1000 loss=-10.33737850 min_fi=10.33737850
2026-03-30 16:55:13,388 | INFO | epoch=320/1000 loss=-10.31659222 min_fi=10.31659222
2026-03-30 16:55:15,346 | INFO | epoch=321/1000 loss=-10.43589306 min_fi=10.43589306
2026-03-30 16:55:18,439 | INFO | epoch=322/1000 loss=-10.20282364 min_fi=10.20282364
2026-03-30 16:55:21,742 | INFO | epoch=323/1000 loss=-10.51308823 min_fi=10.51308823
2026-03-30 16:55:23,899 | INFO | epoch=324/1000 loss=-11.17778397 min_fi=11.17778397
2026-03-30 16:55:27,291 | INFO | epoch=325/1000 loss=-11.22199249 min_fi=11.22199249
2026-03-30 16:55:29,453 | INFO | epoch=326/1000 loss=-10.76751709 min_fi=10.76751709
2026-03-30 16:55:32,680 | INFO | epoch=327/1000 loss=-11.18914986 min_fi=11.18914986
2026-03-30 16:55:34,862 | INFO | epoch=328/1000 loss=-11.45086098 min_fi=11.45086098
2026-03-30 16:55:38,179 | INFO | epoch=329/1000 loss=-11.43246078 min_fi=11.43246078
2026-03-30 16:55:41,619 | INFO | epoch=330/1000 loss=-12.07843781 min_fi=12.07843781
2026-03-30 16:55:44,658 | INFO | epoch=331/1000 loss=-12.73778152 min_fi=12.73778152
2026-03-30 16:55:47,573 | INFO | epoch=332/1000 loss=-12.16582489 min_fi=12.16582489
2026-03-30 16:55:51,235 | INFO | epoch=333/1000 loss=-13.32091236 min_fi=13.32091236
2026-03-30 16:55:53,749 | INFO | epoch=334/1000 loss=-13.71633339 min_fi=13.71633339
2026-03-30 16:55:57,405 | INFO | epoch=335/1000 loss=-11.46956444 min_fi=11.46956444
2026-03-30 16:56:01,040 | INFO | epoch=336/1000 loss=-11.84969234 min_fi=11.84969234
2026-03-30 16:56:03,756 | INFO | epoch=337/1000 loss=-11.49787426 min_fi=11.49787426
2026-03-30 16:56:06,960 | INFO | epoch=338/1000 loss=-11.49534130 min_fi=11.49534130
2026-03-30 16:56:10,711 | INFO | epoch=339/1000 loss=-9.71862316 min_fi=9.71862316
2026-03-30 16:56:13,608 | INFO | epoch=340/1000 loss=-10.22559452 min_fi=10.22559452
2026-03-30 16:56:16,251 | INFO | epoch=341/1000 loss=-12.93813324 min_fi=12.93813324
2026-03-30 16:56:18,710 | INFO | epoch=342/1000 loss=-8.52979088 min_fi=8.52979088
2026-03-30 16:56:20,937 | INFO | epoch=343/1000 loss=-7.61275864 min_fi=7.61275864
2026-03-30 16:56:23,919 | INFO | epoch=344/1000 loss=-7.60347891 min_fi=7.60347891
2026-03-30 16:56:27,439 | INFO | epoch=345/1000 loss=-7.91504097 min_fi=7.91504097
2026-03-30 16:56:31,026 | INFO | epoch=346/1000 loss=-8.26931095 min_fi=8.26931095
2026-03-30 16:56:34,708 | INFO | epoch=347/1000 loss=-8.85251522 min_fi=8.85251522
2026-03-30 16:56:37,604 | INFO | epoch=348/1000 loss=-10.39488506 min_fi=10.39488506
2026-03-30 16:56:40,522 | INFO | epoch=349/1000 loss=-10.25426769 min_fi=10.25426769
2026-03-30 16:56:43,949 | INFO | epoch=350/1000 loss=-9.64464855 min_fi=9.64464855
2026-03-30 16:56:47,459 | INFO | epoch=351/1000 loss=-9.41091442 min_fi=9.41091442
2026-03-30 16:56:50,615 | INFO | epoch=352/1000 loss=-9.45524406 min_fi=9.45524406
2026-03-30 16:56:53,676 | INFO | epoch=353/1000 loss=-9.76935196 min_fi=9.76935196
2026-03-30 16:56:55,591 | INFO | epoch=354/1000 loss=-10.19134331 min_fi=10.19134331
2026-03-30 16:56:59,547 | INFO | epoch=355/1000 loss=-10.28770638 min_fi=10.28770638
2026-03-30 16:57:02,375 | INFO | epoch=356/1000 loss=-10.57931614 min_fi=10.57931614
2026-03-30 16:57:04,896 | INFO | epoch=357/1000 loss=-11.04664421 min_fi=11.04664421
2026-03-30 16:57:07,771 | INFO | epoch=358/1000 loss=-12.26288033 min_fi=12.26288033
2026-03-30 16:57:11,068 | INFO | epoch=359/1000 loss=-14.01328278 min_fi=14.01328278
2026-03-30 16:57:14,490 | INFO | epoch=360/1000 loss=-10.19736862 min_fi=10.19736862
2026-03-30 16:57:17,862 | INFO | epoch=361/1000 loss=-8.71094799 min_fi=8.71094799
2026-03-30 16:57:21,405 | INFO | epoch=362/1000 loss=-8.33822346 min_fi=8.33822346
2026-03-30 16:57:25,046 | INFO | epoch=363/1000 loss=-8.23956871 min_fi=8.23956871
2026-03-30 16:57:28,725 | INFO | epoch=364/1000 loss=-8.27098846 min_fi=8.27098846
2026-03-30 16:57:32,286 | INFO | epoch=365/1000 loss=-8.40175533 min_fi=8.40175533
2026-03-30 16:57:35,639 | INFO | epoch=366/1000 loss=-8.64803982 min_fi=8.64803982
2026-03-30 16:57:39,251 | INFO | epoch=367/1000 loss=-9.09305286 min_fi=9.09305286
2026-03-30 16:57:41,930 | INFO | epoch=368/1000 loss=-10.08118439 min_fi=10.08118439
2026-03-30 16:57:45,529 | INFO | epoch=369/1000 loss=-10.94090080 min_fi=10.94090080
2026-03-30 16:57:48,220 | INFO | epoch=370/1000 loss=-11.36843395 min_fi=11.36843395
2026-03-30 16:57:50,766 | INFO | epoch=371/1000 loss=-11.83613300 min_fi=11.83613300
2026-03-30 16:57:54,035 | INFO | epoch=372/1000 loss=-11.18067741 min_fi=11.18067741
2026-03-30 16:57:57,594 | INFO | epoch=373/1000 loss=-11.78001499 min_fi=11.78001499
2026-03-30 16:57:59,823 | INFO | epoch=374/1000 loss=-12.90501308 min_fi=12.90501308
2026-03-30 16:58:02,462 | INFO | epoch=375/1000 loss=-12.71692944 min_fi=12.71692944
2026-03-30 16:58:05,680 | INFO | epoch=376/1000 loss=-14.14182091 min_fi=14.14182091
2026-03-30 16:58:07,867 | INFO | epoch=377/1000 loss=-14.22694397 min_fi=14.22694397
2026-03-30 16:58:10,839 | INFO | epoch=378/1000 loss=-14.49023533 min_fi=14.49023533
2026-03-30 16:58:14,140 | INFO | epoch=379/1000 loss=-14.58858299 min_fi=14.58858299
2026-03-30 16:58:17,619 | INFO | epoch=380/1000 loss=-14.75230217 min_fi=14.75230217
2026-03-30 16:58:19,148 | INFO | epoch=381/1000 loss=-14.91751671 min_fi=14.91751671
2026-03-30 16:58:22,396 | INFO | epoch=382/1000 loss=-15.08569336 min_fi=15.08569336
2026-03-30 16:58:25,450 | INFO | epoch=383/1000 loss=-15.89302540 min_fi=15.89302540
2026-03-30 16:58:28,110 | INFO | epoch=384/1000 loss=-12.67286301 min_fi=12.67286301
2026-03-30 16:58:31,694 | INFO | epoch=385/1000 loss=-15.32591152 min_fi=15.32591152
2026-03-30 16:58:35,170 | INFO | epoch=386/1000 loss=-14.13059711 min_fi=14.13059711
2026-03-30 16:58:38,613 | INFO | epoch=387/1000 loss=-13.67617798 min_fi=13.67617798
2026-03-30 16:58:40,995 | INFO | epoch=388/1000 loss=-14.25088978 min_fi=14.25088978
2026-03-30 16:58:43,915 | INFO | epoch=389/1000 loss=-15.30588627 min_fi=15.30588627
2026-03-30 16:58:46,968 | INFO | epoch=390/1000 loss=-14.78403950 min_fi=14.78403950
2026-03-30 16:58:49,123 | INFO | epoch=391/1000 loss=-12.06921387 min_fi=12.06921387
2026-03-30 16:58:52,305 | INFO | epoch=392/1000 loss=-10.56307888 min_fi=10.56307888
2026-03-30 16:58:55,454 | INFO | epoch=393/1000 loss=-8.46889019 min_fi=8.46889019
2026-03-30 16:58:59,098 | INFO | epoch=394/1000 loss=-8.06389713 min_fi=8.06389713
2026-03-30 16:59:02,539 | INFO | epoch=395/1000 loss=-8.12720299 min_fi=8.12720299
2026-03-30 16:59:04,671 | INFO | epoch=396/1000 loss=-8.85895348 min_fi=8.85895348
2026-03-30 16:59:07,045 | INFO | epoch=397/1000 loss=-8.85049915 min_fi=8.85049915
2026-03-30 16:59:10,476 | INFO | epoch=398/1000 loss=-9.35856915 min_fi=9.35856915
2026-03-30 16:59:13,042 | INFO | epoch=399/1000 loss=-8.40846157 min_fi=8.40846157
2026-03-30 16:59:15,425 | INFO | epoch=400/1000 loss=-8.40555096 min_fi=8.40555096
2026-03-30 16:59:16,870 | INFO | epoch=401/1000 loss=-8.55486870 min_fi=8.55486870
2026-03-30 16:59:20,565 | INFO | epoch=402/1000 loss=-8.69761658 min_fi=8.69761658
2026-03-30 16:59:22,939 | INFO | epoch=403/1000 loss=-9.00066376 min_fi=9.00066376
2026-03-30 16:59:25,324 | INFO | epoch=404/1000 loss=-9.39026833 min_fi=9.39026833
2026-03-30 16:59:28,984 | INFO | epoch=405/1000 loss=-9.98637104 min_fi=9.98637104
2026-03-30 16:59:32,443 | INFO | epoch=406/1000 loss=-9.96797562 min_fi=9.96797562
2026-03-30 16:59:34,991 | INFO | epoch=407/1000 loss=-8.25402546 min_fi=8.25402546
2026-03-30 16:59:38,281 | INFO | epoch=408/1000 loss=-8.24449921 min_fi=8.24449921
2026-03-30 16:59:41,758 | INFO | epoch=409/1000 loss=-8.50100517 min_fi=8.50100517
2026-03-30 16:59:43,947 | INFO | epoch=410/1000 loss=-9.25061989 min_fi=9.25061989
2026-03-30 16:59:47,073 | INFO | epoch=411/1000 loss=-9.71174812 min_fi=9.71174812
2026-03-30 16:59:49,256 | INFO | epoch=412/1000 loss=-10.46656227 min_fi=10.46656227
2026-03-30 16:59:52,282 | INFO | epoch=413/1000 loss=-10.23633671 min_fi=10.23633671
2026-03-30 16:59:54,182 | INFO | epoch=414/1000 loss=-10.54525757 min_fi=10.54525757
2026-03-30 16:59:57,645 | INFO | epoch=415/1000 loss=-11.07134056 min_fi=11.07134056
2026-03-30 17:00:00,343 | INFO | epoch=416/1000 loss=-11.12527370 min_fi=11.12527370
2026-03-30 17:00:03,824 | INFO | epoch=417/1000 loss=-11.61216736 min_fi=11.61216736
2026-03-30 17:00:07,305 | INFO | epoch=418/1000 loss=-9.64491558 min_fi=9.64491558
2026-03-30 17:00:10,392 | INFO | epoch=419/1000 loss=-9.12340832 min_fi=9.12340832
2026-03-30 17:00:11,836 | INFO | epoch=420/1000 loss=-9.54368019 min_fi=9.54368019
2026-03-30 17:00:14,059 | INFO | epoch=421/1000 loss=-11.02589512 min_fi=11.02589512
2026-03-30 17:00:16,976 | INFO | epoch=422/1000 loss=-8.82806396 min_fi=8.82806396
2026-03-30 17:00:20,792 | INFO | epoch=423/1000 loss=-10.30959892 min_fi=10.30959892
2026-03-30 17:00:23,756 | INFO | epoch=424/1000 loss=-10.31570244 min_fi=10.31570244
2026-03-30 17:00:27,236 | INFO | epoch=425/1000 loss=-10.73925400 min_fi=10.73925400
2026-03-30 17:00:30,197 | INFO | epoch=426/1000 loss=-10.71318054 min_fi=10.71318054
2026-03-30 17:00:32,726 | INFO | epoch=427/1000 loss=-10.25267029 min_fi=10.25267029
2026-03-30 17:00:34,936 | INFO | epoch=428/1000 loss=-10.11953354 min_fi=10.11953354
2026-03-30 17:00:37,077 | INFO | epoch=429/1000 loss=-10.08611298 min_fi=10.08611298
2026-03-30 17:00:40,032 | INFO | epoch=430/1000 loss=-9.97987747 min_fi=9.97987747
2026-03-30 17:00:43,291 | INFO | epoch=431/1000 loss=-9.94555378 min_fi=9.94555378
2026-03-30 17:00:44,989 | INFO | epoch=432/1000 loss=-9.88775349 min_fi=9.88775349
2026-03-30 17:00:48,546 | INFO | epoch=433/1000 loss=-9.86749172 min_fi=9.86749172
2026-03-30 17:00:51,325 | INFO | epoch=434/1000 loss=-9.96027279 min_fi=9.96027279
2026-03-30 17:00:54,763 | INFO | epoch=435/1000 loss=-10.16270828 min_fi=10.16270828
2026-03-30 17:00:57,533 | INFO | epoch=436/1000 loss=-10.50642776 min_fi=10.50642776
2026-03-30 17:00:59,055 | INFO | epoch=437/1000 loss=-10.77386570 min_fi=10.77386570
2026-03-30 17:01:01,827 | INFO | epoch=438/1000 loss=-10.74244308 min_fi=10.74244308
2026-03-30 17:01:04,714 | INFO | epoch=439/1000 loss=-10.78301144 min_fi=10.78301144
2026-03-30 17:01:08,168 | INFO | epoch=440/1000 loss=-10.77546692 min_fi=10.77546692
2026-03-30 17:01:10,151 | INFO | epoch=441/1000 loss=-11.06826401 min_fi=11.06826401
2026-03-30 17:01:12,532 | INFO | epoch=442/1000 loss=-11.00298119 min_fi=11.00298119
2026-03-30 17:01:15,392 | INFO | epoch=443/1000 loss=-11.19112492 min_fi=11.19112492
2026-03-30 17:01:19,003 | INFO | epoch=444/1000 loss=-11.13486385 min_fi=11.13486385
2026-03-30 17:01:21,902 | INFO | epoch=445/1000 loss=-11.33497524 min_fi=11.33497524
2026-03-30 17:01:25,519 | INFO | epoch=446/1000 loss=-11.37257767 min_fi=11.37257767
2026-03-30 17:01:27,595 | INFO | epoch=447/1000 loss=-11.54711914 min_fi=11.54711914
2026-03-30 17:01:31,030 | INFO | epoch=448/1000 loss=-11.72530556 min_fi=11.72530556
2026-03-30 17:01:32,672 | INFO | epoch=449/1000 loss=-12.03031349 min_fi=12.03031349
2026-03-30 17:01:36,162 | INFO | epoch=450/1000 loss=-12.17898750 min_fi=12.17898750
2026-03-30 17:01:38,261 | INFO | epoch=451/1000 loss=-13.09379864 min_fi=13.09379864
2026-03-30 17:01:41,607 | INFO | epoch=452/1000 loss=-13.83252430 min_fi=13.83252430
2026-03-30 17:01:44,716 | INFO | epoch=453/1000 loss=-13.72933865 min_fi=13.72933865
2026-03-30 17:01:48,447 | INFO | epoch=454/1000 loss=-12.73369503 min_fi=12.73369503
2026-03-30 17:01:49,591 | INFO | epoch=455/1000 loss=-13.83298588 min_fi=13.83298588
2026-03-30 17:01:52,391 | INFO | epoch=456/1000 loss=-13.32820320 min_fi=13.32820320
2026-03-30 17:01:55,187 | INFO | epoch=457/1000 loss=-14.11991119 min_fi=14.11991119
2026-03-30 17:01:58,647 | INFO | epoch=458/1000 loss=-14.61710167 min_fi=14.61710167
2026-03-30 17:02:01,142 | INFO | epoch=459/1000 loss=-14.43914890 min_fi=14.43914890
2026-03-30 17:02:04,540 | INFO | epoch=460/1000 loss=-12.90826416 min_fi=12.90826416
2026-03-30 17:02:08,242 | INFO | epoch=461/1000 loss=-12.02891731 min_fi=12.02891731
2026-03-30 17:02:10,937 | INFO | epoch=462/1000 loss=-11.55680180 min_fi=11.55680180
2026-03-30 17:02:14,244 | INFO | epoch=463/1000 loss=-11.72922039 min_fi=11.72922039
2026-03-30 17:02:16,795 | INFO | epoch=464/1000 loss=-11.12721348 min_fi=11.12721348
2026-03-30 17:02:20,530 | INFO | epoch=465/1000 loss=-11.08215714 min_fi=11.08215714
2026-03-30 17:02:22,879 | INFO | epoch=466/1000 loss=-12.44430637 min_fi=12.44430637
2026-03-30 17:02:26,185 | INFO | epoch=467/1000 loss=-11.95967388 min_fi=11.95967388
2026-03-30 17:02:28,909 | INFO | epoch=468/1000 loss=-12.05560398 min_fi=12.05560398
2026-03-30 17:02:30,984 | INFO | epoch=469/1000 loss=-11.97554398 min_fi=11.97554398
2026-03-30 17:02:33,290 | INFO | epoch=470/1000 loss=-12.74768257 min_fi=12.74768257
2026-03-30 17:02:38,124 | INFO | epoch=471/1000 loss=-11.74515438 min_fi=11.74515438
2026-03-30 17:02:41,645 | INFO | epoch=472/1000 loss=-12.82081985 min_fi=12.82081985
2026-03-30 17:02:44,746 | INFO | epoch=473/1000 loss=-13.50958443 min_fi=13.50958443
2026-03-30 17:02:48,106 | INFO | epoch=474/1000 loss=-12.85241508 min_fi=12.85241508
2026-03-30 17:02:51,197 | INFO | epoch=475/1000 loss=-12.80710697 min_fi=12.80710697
2026-03-30 17:02:52,890 | INFO | epoch=476/1000 loss=-13.29783058 min_fi=13.29783058
2026-03-30 17:02:56,184 | INFO | epoch=477/1000 loss=-12.69973755 min_fi=12.69973755
2026-03-30 17:02:59,706 | INFO | epoch=478/1000 loss=-12.72811413 min_fi=12.72811413
2026-03-30 17:03:03,719 | INFO | epoch=479/1000 loss=-13.63948059 min_fi=13.63948059
2026-03-30 17:03:07,098 | INFO | epoch=480/1000 loss=-14.19932556 min_fi=14.19932556
2026-03-30 17:03:08,887 | INFO | epoch=481/1000 loss=-13.97647285 min_fi=13.97647285
2026-03-30 17:03:12,514 | INFO | epoch=482/1000 loss=-13.69036674 min_fi=13.69036674
2026-03-30 17:03:15,119 | INFO | epoch=483/1000 loss=-13.67375946 min_fi=13.67375946
2026-03-30 17:03:17,734 | INFO | epoch=484/1000 loss=-13.67671394 min_fi=13.67671394
2026-03-30 17:03:20,058 | INFO | epoch=485/1000 loss=-14.55898952 min_fi=14.55898952
2026-03-30 17:03:22,998 | INFO | epoch=486/1000 loss=-11.47351742 min_fi=11.47351742
2026-03-30 17:03:25,736 | INFO | epoch=487/1000 loss=-11.37137127 min_fi=11.37137127
2026-03-30 17:03:29,416 | INFO | epoch=488/1000 loss=-11.86165237 min_fi=11.86165237
2026-03-30 17:03:32,656 | INFO | epoch=489/1000 loss=-14.15861130 min_fi=14.15861130
2026-03-30 17:03:33,944 | INFO | epoch=490/1000 loss=-15.75914669 min_fi=15.75914669
2026-03-30 17:03:37,610 | INFO | epoch=491/1000 loss=-14.75461864 min_fi=14.75461864
2026-03-30 17:03:40,271 | INFO | epoch=492/1000 loss=-11.75781727 min_fi=11.75781727
2026-03-30 17:03:43,321 | INFO | epoch=493/1000 loss=-10.85194969 min_fi=10.85194969
2026-03-30 17:03:45,657 | INFO | epoch=494/1000 loss=-11.03949738 min_fi=11.03949738
2026-03-30 17:03:47,081 | INFO | epoch=495/1000 loss=-12.14387321 min_fi=12.14387321
2026-03-30 17:03:50,522 | INFO | epoch=496/1000 loss=-13.33650303 min_fi=13.33650303
2026-03-30 17:03:53,014 | INFO | epoch=497/1000 loss=-12.91622543 min_fi=12.91622543
2026-03-30 17:03:56,006 | INFO | epoch=498/1000 loss=-11.91499043 min_fi=11.91499043
2026-03-30 17:03:57,759 | INFO | epoch=499/1000 loss=-12.10029793 min_fi=12.10029793
2026-03-30 17:04:00,636 | INFO | epoch=500/1000 loss=-9.78239346 min_fi=9.78239346
2026-03-30 17:04:03,901 | INFO | epoch=501/1000 loss=-9.39641953 min_fi=9.39641953
2026-03-30 17:04:07,182 | INFO | epoch=502/1000 loss=-9.98449612 min_fi=9.98449612
2026-03-30 17:04:10,460 | INFO | epoch=503/1000 loss=-11.66687584 min_fi=11.66687584
2026-03-30 17:04:12,844 | INFO | epoch=504/1000 loss=-11.53688526 min_fi=11.53688526
2026-03-30 17:04:16,288 | INFO | epoch=505/1000 loss=-11.76085281 min_fi=11.76085281
2026-03-30 17:04:18,863 | INFO | epoch=506/1000 loss=-12.22689152 min_fi=12.22689152
2026-03-30 17:04:20,799 | INFO | epoch=507/1000 loss=-12.53886509 min_fi=12.53886509
2026-03-30 17:04:24,399 | INFO | epoch=508/1000 loss=-12.47929573 min_fi=12.47929573
2026-03-30 17:04:26,705 | INFO | epoch=509/1000 loss=-11.90718651 min_fi=11.90718651
2026-03-30 17:04:28,586 | INFO | epoch=510/1000 loss=-12.92898560 min_fi=12.92898560
2026-03-30 17:04:31,045 | INFO | epoch=511/1000 loss=-12.93245983 min_fi=12.93245983
2026-03-30 17:04:32,198 | INFO | epoch=512/1000 loss=-14.77807903 min_fi=14.77807903
2026-03-30 17:04:34,434 | INFO | epoch=513/1000 loss=-15.49913979 min_fi=15.49913979
2026-03-30 17:04:37,678 | INFO | epoch=514/1000 loss=-13.19628525 min_fi=13.19628525
2026-03-30 17:04:40,618 | INFO | epoch=515/1000 loss=-13.55298996 min_fi=13.55298996
2026-03-30 17:04:43,877 | INFO | epoch=516/1000 loss=-13.72393036 min_fi=13.72393036
2026-03-30 17:04:47,268 | INFO | epoch=517/1000 loss=-14.43711948 min_fi=14.43711948
2026-03-30 17:04:49,777 | INFO | epoch=518/1000 loss=-15.07645035 min_fi=15.07645035
2026-03-30 17:04:50,918 | INFO | epoch=519/1000 loss=-15.23500443 min_fi=15.23500443
2026-03-30 17:04:53,670 | INFO | epoch=520/1000 loss=-11.36963749 min_fi=11.36963749
2026-03-30 17:04:56,078 | INFO | epoch=521/1000 loss=-11.37921906 min_fi=11.37921906
2026-03-30 17:04:59,533 | INFO | epoch=522/1000 loss=-12.29670334 min_fi=12.29670334
2026-03-30 17:05:03,007 | INFO | epoch=523/1000 loss=-13.78764915 min_fi=13.78764915
2026-03-30 17:05:06,334 | INFO | epoch=524/1000 loss=-14.10618019 min_fi=14.10618019
2026-03-30 17:05:09,199 | INFO | epoch=525/1000 loss=-14.94856834 min_fi=14.94856834
2026-03-30 17:05:12,903 | INFO | epoch=526/1000 loss=-14.81798649 min_fi=14.81798649
2026-03-30 17:05:16,173 | INFO | epoch=527/1000 loss=-13.83319473 min_fi=13.83319473
2026-03-30 17:05:17,977 | INFO | epoch=528/1000 loss=-16.13335609 min_fi=16.13335609
2026-03-30 17:05:20,772 | INFO | epoch=529/1000 loss=-15.21467686 min_fi=15.21467686
2026-03-30 17:05:23,112 | INFO | epoch=530/1000 loss=-15.21663666 min_fi=15.21663666
2026-03-30 17:05:27,373 | INFO | epoch=531/1000 loss=-13.83086205 min_fi=13.83086205
2026-03-30 17:05:30,750 | INFO | epoch=532/1000 loss=-14.69895267 min_fi=14.69895267
2026-03-30 17:05:34,011 | INFO | epoch=533/1000 loss=-14.06077003 min_fi=14.06077003
2026-03-30 17:05:37,816 | INFO | epoch=534/1000 loss=-16.09733200 min_fi=16.09733200
2026-03-30 17:05:39,203 | INFO | epoch=535/1000 loss=-12.84582615 min_fi=12.84582615
2026-03-30 17:05:41,928 | INFO | epoch=536/1000 loss=-12.34504604 min_fi=12.34504604
2026-03-30 17:05:44,690 | INFO | epoch=537/1000 loss=-12.41388702 min_fi=12.41388702
2026-03-30 17:05:47,747 | INFO | epoch=538/1000 loss=-12.03017139 min_fi=12.03017139
2026-03-30 17:05:50,336 | INFO | epoch=539/1000 loss=-13.49182320 min_fi=13.49182320
2026-03-30 17:05:52,617 | INFO | epoch=540/1000 loss=-12.77608013 min_fi=12.77608013
2026-03-30 17:05:55,224 | INFO | epoch=541/1000 loss=-13.93290615 min_fi=13.93290615
2026-03-30 17:05:58,556 | INFO | epoch=542/1000 loss=-15.48903656 min_fi=15.48903656
2026-03-30 17:06:01,036 | INFO | epoch=543/1000 loss=-14.53787708 min_fi=14.53787708
2026-03-30 17:06:03,753 | INFO | epoch=544/1000 loss=-15.60658932 min_fi=15.60658932
2026-03-30 17:06:06,635 | INFO | epoch=545/1000 loss=-15.56438637 min_fi=15.56438637
2026-03-30 17:06:09,900 | INFO | epoch=546/1000 loss=-14.75277805 min_fi=14.75277805
2026-03-30 17:06:12,609 | INFO | epoch=547/1000 loss=-17.72768021 min_fi=17.72768021
2026-03-30 17:06:16,258 | INFO | epoch=548/1000 loss=-16.67676163 min_fi=16.67676163
2026-03-30 17:06:17,721 | INFO | epoch=549/1000 loss=-15.34673882 min_fi=15.34673882
2026-03-30 17:06:20,641 | INFO | epoch=550/1000 loss=-13.39147377 min_fi=13.39147377
2026-03-30 17:06:22,436 | INFO | epoch=551/1000 loss=-13.12785721 min_fi=13.12785721
2026-03-30 17:06:25,096 | INFO | epoch=552/1000 loss=-13.57955742 min_fi=13.57955742
2026-03-30 17:06:28,338 | INFO | epoch=553/1000 loss=-12.86029434 min_fi=12.86029434
2026-03-30 17:06:30,877 | INFO | epoch=554/1000 loss=-10.08078003 min_fi=10.08078003
2026-03-30 17:06:33,921 | INFO | epoch=555/1000 loss=-10.18364143 min_fi=10.18364143
2026-03-30 17:06:36,007 | INFO | epoch=556/1000 loss=-11.37341022 min_fi=11.37341022
2026-03-30 17:06:38,367 | INFO | epoch=557/1000 loss=-10.52550316 min_fi=10.52550316
2026-03-30 17:06:41,813 | INFO | epoch=558/1000 loss=-11.01349163 min_fi=11.01349163
2026-03-30 17:06:45,139 | INFO | epoch=559/1000 loss=-11.48016834 min_fi=11.48016834
2026-03-30 17:06:47,511 | INFO | epoch=560/1000 loss=-11.24472237 min_fi=11.24472237
2026-03-30 17:06:50,263 | INFO | epoch=561/1000 loss=-11.20403862 min_fi=11.20403862
2026-03-30 17:06:53,429 | INFO | epoch=562/1000 loss=-11.32260704 min_fi=11.32260704
2026-03-30 17:06:55,979 | INFO | epoch=563/1000 loss=-11.21218872 min_fi=11.21218872
2026-03-30 17:06:59,238 | INFO | epoch=564/1000 loss=-11.93867111 min_fi=11.93867111
2026-03-30 17:07:01,060 | INFO | epoch=565/1000 loss=-12.48485851 min_fi=12.48485851
2026-03-30 17:07:04,036 | INFO | epoch=566/1000 loss=-12.97218609 min_fi=12.97218609
2026-03-30 17:07:06,854 | INFO | epoch=567/1000 loss=-12.86100864 min_fi=12.86100864
2026-03-30 17:07:09,318 | INFO | epoch=568/1000 loss=-12.92112160 min_fi=12.92112160
2026-03-30 17:07:11,808 | INFO | epoch=569/1000 loss=-12.40303898 min_fi=12.40303898
2026-03-30 17:07:15,517 | INFO | epoch=570/1000 loss=-12.96627712 min_fi=12.96627712
2026-03-30 17:07:18,711 | INFO | epoch=571/1000 loss=-11.92999458 min_fi=11.92999458
2026-03-30 17:07:22,004 | INFO | epoch=572/1000 loss=-12.02990532 min_fi=12.02990532
2026-03-30 17:07:24,724 | INFO | epoch=573/1000 loss=-11.98460865 min_fi=11.98460865
2026-03-30 17:07:26,492 | INFO | epoch=574/1000 loss=-11.57477856 min_fi=11.57477856
2026-03-30 17:07:29,964 | INFO | epoch=575/1000 loss=-10.27033138 min_fi=10.27033138
2026-03-30 17:07:31,629 | INFO | epoch=576/1000 loss=-10.25154018 min_fi=10.25154018
2026-03-30 17:07:33,494 | INFO | epoch=577/1000 loss=-10.59612465 min_fi=10.59612465
2026-03-30 17:07:36,691 | INFO | epoch=578/1000 loss=-12.64621925 min_fi=12.64621925
2026-03-30 17:07:39,287 | INFO | epoch=579/1000 loss=-10.75619316 min_fi=10.75619316
2026-03-30 17:07:41,965 | INFO | epoch=580/1000 loss=-12.58784676 min_fi=12.58784676
2026-03-30 17:07:43,991 | INFO | epoch=581/1000 loss=-12.78012562 min_fi=12.78012562
2026-03-30 17:07:46,752 | INFO | epoch=582/1000 loss=-12.51240158 min_fi=12.51240158
2026-03-30 17:07:49,180 | INFO | epoch=583/1000 loss=-12.27073288 min_fi=12.27073288
2026-03-30 17:07:52,217 | INFO | epoch=584/1000 loss=-11.78091335 min_fi=11.78091335
2026-03-30 17:07:54,028 | INFO | epoch=585/1000 loss=-12.47686386 min_fi=12.47686386
2026-03-30 17:07:56,949 | INFO | epoch=586/1000 loss=-13.15419197 min_fi=13.15419197
2026-03-30 17:07:59,887 | INFO | epoch=587/1000 loss=-12.41937447 min_fi=12.41937447
2026-03-30 17:08:03,061 | INFO | epoch=588/1000 loss=-12.62582684 min_fi=12.62582684
2026-03-30 17:08:06,601 | INFO | epoch=589/1000 loss=-13.06796551 min_fi=13.06796551
2026-03-30 17:08:10,430 | INFO | epoch=590/1000 loss=-13.01298332 min_fi=13.01298332
2026-03-30 17:08:13,824 | INFO | epoch=591/1000 loss=-14.01554012 min_fi=14.01554012
2026-03-30 17:08:17,736 | INFO | epoch=592/1000 loss=-14.33336639 min_fi=14.33336639
2026-03-30 17:08:21,464 | INFO | epoch=593/1000 loss=-14.97542095 min_fi=14.97542095
2026-03-30 17:08:24,176 | INFO | epoch=594/1000 loss=-12.63888264 min_fi=12.63888264
2026-03-30 17:08:27,726 | INFO | epoch=595/1000 loss=-13.73244476 min_fi=13.73244476
2026-03-30 17:08:31,278 | INFO | epoch=596/1000 loss=-12.93393898 min_fi=12.93393898
2026-03-30 17:08:32,736 | INFO | epoch=597/1000 loss=-13.35875797 min_fi=13.35875797
2026-03-30 17:08:36,366 | INFO | epoch=598/1000 loss=-13.28692722 min_fi=13.28692722
2026-03-30 17:08:38,244 | INFO | epoch=599/1000 loss=-13.30012894 min_fi=13.30012894
2026-03-30 17:08:40,940 | INFO | epoch=600/1000 loss=-11.46960163 min_fi=11.46960163
2026-03-30 17:08:44,352 | INFO | epoch=601/1000 loss=-12.50193691 min_fi=12.50193691
2026-03-30 17:08:46,555 | INFO | epoch=602/1000 loss=-12.84840679 min_fi=12.84840679
2026-03-30 17:08:50,066 | INFO | epoch=603/1000 loss=-10.00536442 min_fi=10.00536442
2026-03-30 17:08:53,457 | INFO | epoch=604/1000 loss=-9.79481316 min_fi=9.79481316
2026-03-30 17:08:56,107 | INFO | epoch=605/1000 loss=-7.76861382 min_fi=7.76861382
2026-03-30 17:08:59,146 | INFO | epoch=606/1000 loss=-9.35323429 min_fi=9.35323429
2026-03-30 17:09:01,515 | INFO | epoch=607/1000 loss=-11.54155540 min_fi=11.54155540
2026-03-30 17:09:05,125 | INFO | epoch=608/1000 loss=-11.59558296 min_fi=11.59558296
2026-03-30 17:09:08,748 | INFO | epoch=609/1000 loss=-10.07952595 min_fi=10.07952595
2026-03-30 17:09:10,761 | INFO | epoch=610/1000 loss=-8.53596115 min_fi=8.53596115
2026-03-30 17:09:13,033 | INFO | epoch=611/1000 loss=-8.50924110 min_fi=8.50924110
2026-03-30 17:09:15,420 | INFO | epoch=612/1000 loss=-11.76859856 min_fi=11.76859856
2026-03-30 17:09:16,894 | INFO | epoch=613/1000 loss=-11.36490631 min_fi=11.36490631
2026-03-30 17:09:18,499 | INFO | epoch=614/1000 loss=-11.18621540 min_fi=11.18621540
2026-03-30 17:09:21,188 | INFO | epoch=615/1000 loss=-10.19664097 min_fi=10.19664097
2026-03-30 17:09:23,792 | INFO | epoch=616/1000 loss=-7.32064152 min_fi=7.32064152
2026-03-30 17:09:26,706 | INFO | epoch=617/1000 loss=-7.65006018 min_fi=7.65006018
2026-03-30 17:09:30,087 | INFO | epoch=618/1000 loss=-9.10528088 min_fi=9.10528088
2026-03-30 17:09:33,245 | INFO | epoch=619/1000 loss=-8.43289852 min_fi=8.43289852
2026-03-30 17:09:36,526 | INFO | epoch=620/1000 loss=-6.77690506 min_fi=6.77690506
2026-03-30 17:09:38,604 | INFO | epoch=621/1000 loss=-6.72030449 min_fi=6.72030449
2026-03-30 17:09:42,078 | INFO | epoch=622/1000 loss=-8.25514030 min_fi=8.25514030
2026-03-30 17:09:44,819 | INFO | epoch=623/1000 loss=-9.60786247 min_fi=9.60786247
2026-03-30 17:09:46,457 | INFO | epoch=624/1000 loss=-9.51223660 min_fi=9.51223660
2026-03-30 17:09:49,688 | INFO | epoch=625/1000 loss=-7.56273842 min_fi=7.56273842
2026-03-30 17:09:53,031 | INFO | epoch=626/1000 loss=-7.25051785 min_fi=7.25051785
2026-03-30 17:09:55,995 | INFO | epoch=627/1000 loss=-7.50510645 min_fi=7.50510645
2026-03-30 17:09:59,304 | INFO | epoch=628/1000 loss=-7.86292124 min_fi=7.86292124
2026-03-30 17:10:02,044 | INFO | epoch=629/1000 loss=-8.82632446 min_fi=8.82632446
2026-03-30 17:10:05,337 | INFO | epoch=630/1000 loss=-9.02104759 min_fi=9.02104759
2026-03-30 17:10:08,273 | INFO | epoch=631/1000 loss=-9.16630745 min_fi=9.16630745
2026-03-30 17:10:11,893 | INFO | epoch=632/1000 loss=-9.28835201 min_fi=9.28835201
2026-03-30 17:10:15,144 | INFO | epoch=633/1000 loss=-9.65450382 min_fi=9.65450382
2026-03-30 17:10:18,662 | INFO | epoch=634/1000 loss=-12.13900948 min_fi=12.13900948
2026-03-30 17:10:21,382 | INFO | epoch=635/1000 loss=-10.15229034 min_fi=10.15229034
2026-03-30 17:10:23,841 | INFO | epoch=636/1000 loss=-12.28239250 min_fi=12.28239250
2026-03-30 17:10:26,056 | INFO | epoch=637/1000 loss=-10.00714016 min_fi=10.00714016
2026-03-30 17:10:29,132 | INFO | epoch=638/1000 loss=-10.41072750 min_fi=10.41072750
2026-03-30 17:10:32,125 | INFO | epoch=639/1000 loss=-12.18459988 min_fi=12.18459988
2026-03-30 17:10:35,531 | INFO | epoch=640/1000 loss=-11.85227680 min_fi=11.85227680
2026-03-30 17:10:37,943 | INFO | epoch=641/1000 loss=-14.04293346 min_fi=14.04293346
2026-03-30 17:10:40,952 | INFO | epoch=642/1000 loss=-14.22383881 min_fi=14.22383881
2026-03-30 17:10:43,529 | INFO | epoch=643/1000 loss=-12.48723221 min_fi=12.48723221
2026-03-30 17:10:46,565 | INFO | epoch=644/1000 loss=-12.94851398 min_fi=12.94851398
2026-03-30 17:10:48,962 | INFO | epoch=645/1000 loss=-13.30777931 min_fi=13.30777931
2026-03-30 17:10:52,420 | INFO | epoch=646/1000 loss=-13.63312435 min_fi=13.63312435
2026-03-30 17:10:55,701 | INFO | epoch=647/1000 loss=-13.07988930 min_fi=13.07988930
2026-03-30 17:10:58,414 | INFO | epoch=648/1000 loss=-11.33026791 min_fi=11.33026791
2026-03-30 17:11:01,100 | INFO | epoch=649/1000 loss=-11.38222885 min_fi=11.38222885
2026-03-30 17:11:04,741 | INFO | epoch=650/1000 loss=-13.58289719 min_fi=13.58289719
2026-03-30 17:11:08,166 | INFO | epoch=651/1000 loss=-12.59069920 min_fi=12.59069920
2026-03-30 17:11:11,403 | INFO | epoch=652/1000 loss=-13.30555439 min_fi=13.30555439
2026-03-30 17:11:13,315 | INFO | epoch=653/1000 loss=-13.29368496 min_fi=13.29368496
2026-03-30 17:11:16,971 | INFO | epoch=654/1000 loss=-12.01996422 min_fi=12.01996422
2026-03-30 17:11:19,495 | INFO | epoch=655/1000 loss=-13.72072983 min_fi=13.72072983
2026-03-30 17:11:22,797 | INFO | epoch=656/1000 loss=-13.82540321 min_fi=13.82540321
2026-03-30 17:11:26,391 | INFO | epoch=657/1000 loss=-11.21872330 min_fi=11.21872330
2026-03-30 17:11:29,086 | INFO | epoch=658/1000 loss=-12.66893578 min_fi=12.66893578
2026-03-30 17:11:31,594 | INFO | epoch=659/1000 loss=-11.26719189 min_fi=11.26719189
2026-03-30 17:11:34,877 | INFO | epoch=660/1000 loss=-11.11196709 min_fi=11.11196709
2026-03-30 17:11:37,241 | INFO | epoch=661/1000 loss=-12.22492790 min_fi=12.22492790
2026-03-30 17:11:39,979 | INFO | epoch=662/1000 loss=-12.37020302 min_fi=12.37020302
2026-03-30 17:11:41,334 | INFO | epoch=663/1000 loss=-11.86499023 min_fi=11.86499023
2026-03-30 17:11:43,478 | INFO | epoch=664/1000 loss=-11.92944336 min_fi=11.92944336
2026-03-30 17:11:46,017 | INFO | epoch=665/1000 loss=-12.15985394 min_fi=12.15985394
2026-03-30 17:11:49,132 | INFO | epoch=666/1000 loss=-13.05433941 min_fi=13.05433941
2026-03-30 17:11:52,202 | INFO | epoch=667/1000 loss=-12.02419472 min_fi=12.02419472
2026-03-30 17:11:55,053 | INFO | epoch=668/1000 loss=-12.92875957 min_fi=12.92875957
2026-03-30 17:11:58,680 | INFO | epoch=669/1000 loss=-13.18357372 min_fi=13.18357372
2026-03-30 17:12:01,602 | INFO | epoch=670/1000 loss=-12.04286385 min_fi=12.04286385
2026-03-30 17:12:04,879 | INFO | epoch=671/1000 loss=-11.92727089 min_fi=11.92727089
2026-03-30 17:12:07,990 | INFO | epoch=672/1000 loss=-11.34710407 min_fi=11.34710407
2026-03-30 17:12:10,876 | INFO | epoch=673/1000 loss=-11.79697132 min_fi=11.79697132
2026-03-30 17:12:14,221 | INFO | epoch=674/1000 loss=-12.88919449 min_fi=12.88919449
2026-03-30 17:12:16,814 | INFO | epoch=675/1000 loss=-13.25334549 min_fi=13.25334549
2026-03-30 17:12:19,377 | INFO | epoch=676/1000 loss=-12.04224586 min_fi=12.04224586
2026-03-30 17:12:23,007 | INFO | epoch=677/1000 loss=-13.44646072 min_fi=13.44646072
2026-03-30 17:12:25,677 | INFO | epoch=678/1000 loss=-13.98891354 min_fi=13.98891354
2026-03-30 17:12:29,618 | INFO | epoch=679/1000 loss=-11.94753170 min_fi=11.94753170
2026-03-30 17:12:32,656 | INFO | epoch=680/1000 loss=-11.64777374 min_fi=11.64777374
2026-03-30 17:12:35,196 | INFO | epoch=681/1000 loss=-11.76524448 min_fi=11.76524448
2026-03-30 17:12:38,462 | INFO | epoch=682/1000 loss=-11.52860260 min_fi=11.52860260
2026-03-30 17:12:40,493 | INFO | epoch=683/1000 loss=-11.55232143 min_fi=11.55232143
2026-03-30 17:12:44,344 | INFO | epoch=684/1000 loss=-11.96377563 min_fi=11.96377563
2026-03-30 17:12:47,224 | INFO | epoch=685/1000 loss=-12.10591507 min_fi=12.10591507
2026-03-30 17:12:50,658 | INFO | epoch=686/1000 loss=-12.20612526 min_fi=12.20612526
2026-03-30 17:12:53,559 | INFO | epoch=687/1000 loss=-12.41363049 min_fi=12.41363049
2026-03-30 17:12:56,479 | INFO | epoch=688/1000 loss=-13.02153778 min_fi=13.02153778
2026-03-30 17:12:58,926 | INFO | epoch=689/1000 loss=-12.73587990 min_fi=12.73587990
2026-03-30 17:13:01,898 | INFO | epoch=690/1000 loss=-12.06110859 min_fi=12.06110859
2026-03-30 17:13:03,102 | INFO | epoch=691/1000 loss=-12.92030907 min_fi=12.92030907
2026-03-30 17:13:06,260 | INFO | epoch=692/1000 loss=-12.41761971 min_fi=12.41761971
2026-03-30 17:13:09,841 | INFO | epoch=693/1000 loss=-12.19408035 min_fi=12.19408035
2026-03-30 17:13:12,077 | INFO | epoch=694/1000 loss=-11.50160313 min_fi=11.50160313
2026-03-30 17:13:13,315 | INFO | epoch=695/1000 loss=-10.64668083 min_fi=10.64668083
2026-03-30 17:13:16,671 | INFO | epoch=696/1000 loss=-11.98095417 min_fi=11.98095417
2026-03-30 17:13:20,353 | INFO | epoch=697/1000 loss=-10.40267372 min_fi=10.40267372
2026-03-30 17:13:23,195 | INFO | epoch=698/1000 loss=-10.61870861 min_fi=10.61870861
2026-03-30 17:13:25,399 | INFO | epoch=699/1000 loss=-12.20836258 min_fi=12.20836258
2026-03-30 17:13:27,225 | INFO | epoch=700/1000 loss=-11.73891640 min_fi=11.73891640
2026-03-30 17:13:29,812 | INFO | epoch=701/1000 loss=-12.31787300 min_fi=12.31787300
2026-03-30 17:13:32,715 | INFO | epoch=702/1000 loss=-11.99809933 min_fi=11.99809933
2026-03-30 17:13:35,541 | INFO | epoch=703/1000 loss=-12.77200794 min_fi=12.77200794
2026-03-30 17:13:37,768 | INFO | epoch=704/1000 loss=-13.05721569 min_fi=13.05721569
2026-03-30 17:13:40,960 | INFO | epoch=705/1000 loss=-13.26857281 min_fi=13.26857281
2026-03-30 17:13:43,069 | INFO | epoch=706/1000 loss=-13.83556843 min_fi=13.83556843
2026-03-30 17:13:46,608 | INFO | epoch=707/1000 loss=-13.14974976 min_fi=13.14974976
2026-03-30 17:13:49,500 | INFO | epoch=708/1000 loss=-12.64692116 min_fi=12.64692116
2026-03-30 17:13:51,701 | INFO | epoch=709/1000 loss=-11.68755054 min_fi=11.68755054
2026-03-30 17:13:53,902 | INFO | epoch=710/1000 loss=-12.05054951 min_fi=12.05054951
2026-03-30 17:13:55,540 | INFO | epoch=711/1000 loss=-11.94824600 min_fi=11.94824600
2026-03-30 17:13:58,439 | INFO | epoch=712/1000 loss=-12.04431534 min_fi=12.04431534
2026-03-30 17:13:59,490 | INFO | epoch=713/1000 loss=-11.93999195 min_fi=11.93999195
2026-03-30 17:14:02,423 | INFO | epoch=714/1000 loss=-11.46203232 min_fi=11.46203232
2026-03-30 17:14:05,691 | INFO | epoch=715/1000 loss=-12.28032494 min_fi=12.28032494
2026-03-30 17:14:08,096 | INFO | epoch=716/1000 loss=-12.58888817 min_fi=12.58888817
2026-03-30 17:14:10,281 | INFO | epoch=717/1000 loss=-12.61092091 min_fi=12.61092091
2026-03-30 17:14:13,145 | INFO | epoch=718/1000 loss=-13.54867649 min_fi=13.54867649
2026-03-30 17:14:15,048 | INFO | epoch=719/1000 loss=-11.68095589 min_fi=11.68095589
2026-03-30 17:14:17,763 | INFO | epoch=720/1000 loss=-11.50901127 min_fi=11.50901127
2026-03-30 17:14:21,364 | INFO | epoch=721/1000 loss=-12.44394398 min_fi=12.44394398
2026-03-30 17:14:25,359 | INFO | epoch=722/1000 loss=-10.35285473 min_fi=10.35285473
2026-03-30 17:14:27,365 | INFO | epoch=723/1000 loss=-12.19743347 min_fi=12.19743347
2026-03-30 17:14:28,913 | INFO | epoch=724/1000 loss=-14.18355942 min_fi=14.18355942
2026-03-30 17:14:32,422 | INFO | epoch=725/1000 loss=-11.37764549 min_fi=11.37764549
2026-03-30 17:14:34,565 | INFO | epoch=726/1000 loss=-13.34806061 min_fi=13.34806061
2026-03-30 17:14:37,008 | INFO | epoch=727/1000 loss=-12.99428558 min_fi=12.99428558
2026-03-30 17:14:39,828 | INFO | epoch=728/1000 loss=-12.76979446 min_fi=12.76979446
2026-03-30 17:14:43,288 | INFO | epoch=729/1000 loss=-11.48328209 min_fi=11.48328209
2026-03-30 17:14:46,805 | INFO | epoch=730/1000 loss=-10.48660088 min_fi=10.48660088
2026-03-30 17:14:48,561 | INFO | epoch=731/1000 loss=-10.13467693 min_fi=10.13467693
2026-03-30 17:14:51,688 | INFO | epoch=732/1000 loss=-10.13439560 min_fi=10.13439560
2026-03-30 17:14:53,027 | INFO | epoch=733/1000 loss=-10.00917053 min_fi=10.00917053
2026-03-30 17:14:54,593 | INFO | epoch=734/1000 loss=-10.11806870 min_fi=10.11806870
2026-03-30 17:14:56,914 | INFO | epoch=735/1000 loss=-10.46295738 min_fi=10.46295738
2026-03-30 17:15:00,038 | INFO | epoch=736/1000 loss=-11.10485840 min_fi=11.10485840
2026-03-30 17:15:01,206 | INFO | epoch=737/1000 loss=-10.67449474 min_fi=10.67449474
2026-03-30 17:15:05,001 | INFO | epoch=738/1000 loss=-11.34506321 min_fi=11.34506321
2026-03-30 17:15:07,490 | INFO | epoch=739/1000 loss=-11.13606262 min_fi=11.13606262
2026-03-30 17:15:10,679 | INFO | epoch=740/1000 loss=-11.15499496 min_fi=11.15499496
2026-03-30 17:15:14,118 | INFO | epoch=741/1000 loss=-11.41295147 min_fi=11.41295147
2026-03-30 17:15:17,392 | INFO | epoch=742/1000 loss=-11.37090874 min_fi=11.37090874
2026-03-30 17:15:20,663 | INFO | epoch=743/1000 loss=-11.98173714 min_fi=11.98173714
2026-03-30 17:15:22,994 | INFO | epoch=744/1000 loss=-11.74951839 min_fi=11.74951839
2026-03-30 17:15:26,265 | INFO | epoch=745/1000 loss=-11.78977013 min_fi=11.78977013
2026-03-30 17:15:29,177 | INFO | epoch=746/1000 loss=-12.21845531 min_fi=12.21845531
2026-03-30 17:15:32,643 | INFO | epoch=747/1000 loss=-11.68696690 min_fi=11.68696690
2026-03-30 17:15:35,868 | INFO | epoch=748/1000 loss=-12.13358688 min_fi=12.13358688
2026-03-30 17:15:38,815 | INFO | epoch=749/1000 loss=-12.74994469 min_fi=12.74994469
2026-03-30 17:15:41,997 | INFO | epoch=750/1000 loss=-12.21322250 min_fi=12.21322250
2026-03-30 17:15:44,489 | INFO | epoch=751/1000 loss=-12.74024773 min_fi=12.74024773
2026-03-30 17:15:47,196 | INFO | epoch=752/1000 loss=-12.93497467 min_fi=12.93497467
2026-03-30 17:15:50,267 | INFO | epoch=753/1000 loss=-13.31391716 min_fi=13.31391716
2026-03-30 17:15:53,149 | INFO | epoch=754/1000 loss=-13.67668533 min_fi=13.67668533
2026-03-30 17:15:57,020 | INFO | epoch=755/1000 loss=-13.11959934 min_fi=13.11959934
2026-03-30 17:15:58,555 | INFO | epoch=756/1000 loss=-13.16197777 min_fi=13.16197777
2026-03-30 17:16:02,467 | INFO | epoch=757/1000 loss=-13.16769981 min_fi=13.16769981
2026-03-30 17:16:05,398 | INFO | epoch=758/1000 loss=-12.75426769 min_fi=12.75426769
2026-03-30 17:16:08,888 | INFO | epoch=759/1000 loss=-12.22610855 min_fi=12.22610855
2026-03-30 17:16:11,455 | INFO | epoch=760/1000 loss=-12.30648518 min_fi=12.30648518
2026-03-30 17:16:14,392 | INFO | epoch=761/1000 loss=-12.21928120 min_fi=12.21928120
2026-03-30 17:16:16,818 | INFO | epoch=762/1000 loss=-11.98991394 min_fi=11.98991394
2026-03-30 17:16:19,771 | INFO | epoch=763/1000 loss=-11.86695671 min_fi=11.86695671
2026-03-30 17:16:21,990 | INFO | epoch=764/1000 loss=-12.22982025 min_fi=12.22982025
2026-03-30 17:16:25,031 | INFO | epoch=765/1000 loss=-12.50489998 min_fi=12.50489998
2026-03-30 17:16:28,196 | INFO | epoch=766/1000 loss=-12.62561321 min_fi=12.62561321
2026-03-30 17:16:30,673 | INFO | epoch=767/1000 loss=-13.63274765 min_fi=13.63274765
2026-03-30 17:16:33,122 | INFO | epoch=768/1000 loss=-14.87149239 min_fi=14.87149239
2026-03-30 17:16:35,661 | INFO | epoch=769/1000 loss=-12.57141113 min_fi=12.57141113
2026-03-30 17:16:37,818 | INFO | epoch=770/1000 loss=-12.54541302 min_fi=12.54541302
2026-03-30 17:16:41,235 | INFO | epoch=771/1000 loss=-12.27966595 min_fi=12.27966595
2026-03-30 17:16:45,390 | INFO | epoch=772/1000 loss=-12.49925041 min_fi=12.49925041
2026-03-30 17:16:48,930 | INFO | epoch=773/1000 loss=-12.06699848 min_fi=12.06699848
2026-03-30 17:16:51,004 | INFO | epoch=774/1000 loss=-10.44815731 min_fi=10.44815731
2026-03-30 17:16:54,338 | INFO | epoch=775/1000 loss=-11.75107670 min_fi=11.75107670
2026-03-30 17:16:56,862 | INFO | epoch=776/1000 loss=-11.58688641 min_fi=11.58688641
2026-03-30 17:16:59,578 | INFO | epoch=777/1000 loss=-11.58500671 min_fi=11.58500671
2026-03-30 17:17:03,328 | INFO | epoch=778/1000 loss=-11.68610001 min_fi=11.68610001
2026-03-30 17:17:05,620 | INFO | epoch=779/1000 loss=-11.68513393 min_fi=11.68513393
2026-03-30 17:17:07,995 | INFO | epoch=780/1000 loss=-11.87081432 min_fi=11.87081432
2026-03-30 17:17:11,229 | INFO | epoch=781/1000 loss=-12.08639336 min_fi=12.08639336
2026-03-30 17:17:13,969 | INFO | epoch=782/1000 loss=-12.51985168 min_fi=12.51985168
2026-03-30 17:17:17,316 | INFO | epoch=783/1000 loss=-12.86062622 min_fi=12.86062622
2026-03-30 17:17:20,833 | INFO | epoch=784/1000 loss=-11.38510990 min_fi=11.38510990
2026-03-30 17:17:23,353 | INFO | epoch=785/1000 loss=-11.20301437 min_fi=11.20301437
2026-03-30 17:17:26,237 | INFO | epoch=786/1000 loss=-11.33727169 min_fi=11.33727169
2026-03-30 17:17:28,716 | INFO | epoch=787/1000 loss=-11.64815331 min_fi=11.64815331
2026-03-30 17:17:30,765 | INFO | epoch=788/1000 loss=-12.25866222 min_fi=12.25866222
2026-03-30 17:17:32,493 | INFO | epoch=789/1000 loss=-12.76549911 min_fi=12.76549911
2026-03-30 17:17:35,312 | INFO | epoch=790/1000 loss=-13.60581589 min_fi=13.60581589
2026-03-30 17:17:37,466 | INFO | epoch=791/1000 loss=-14.31328773 min_fi=14.31328773
2026-03-30 17:17:40,381 | INFO | epoch=792/1000 loss=-14.23685265 min_fi=14.23685265
2026-03-30 17:17:43,626 | INFO | epoch=793/1000 loss=-15.05827713 min_fi=15.05827713
2026-03-30 17:17:46,418 | INFO | epoch=794/1000 loss=-13.76177216 min_fi=13.76177216
2026-03-30 17:17:50,037 | INFO | epoch=795/1000 loss=-12.93828678 min_fi=12.93828678
2026-03-30 17:17:53,305 | INFO | epoch=796/1000 loss=-13.00651741 min_fi=13.00651741
2026-03-30 17:17:56,078 | INFO | epoch=797/1000 loss=-13.28341675 min_fi=13.28341675
2026-03-30 17:17:59,192 | INFO | epoch=798/1000 loss=-13.69037437 min_fi=13.69037437
2026-03-30 17:18:01,521 | INFO | epoch=799/1000 loss=-13.75324821 min_fi=13.75324821
2026-03-30 17:18:03,533 | INFO | epoch=800/1000 loss=-12.99066257 min_fi=12.99066257
2026-03-30 17:18:05,742 | INFO | epoch=801/1000 loss=-13.80970764 min_fi=13.80970764
2026-03-30 17:18:09,575 | INFO | epoch=802/1000 loss=-13.71948719 min_fi=13.71948719
2026-03-30 17:18:13,197 | INFO | epoch=803/1000 loss=-14.25391865 min_fi=14.25391865
2026-03-30 17:18:16,272 | INFO | epoch=804/1000 loss=-15.25155449 min_fi=15.25155449
2026-03-30 17:18:18,416 | INFO | epoch=805/1000 loss=-14.60349846 min_fi=14.60349846
2026-03-30 17:18:21,571 | INFO | epoch=806/1000 loss=-13.87866688 min_fi=13.87866688
2026-03-30 17:18:23,877 | INFO | epoch=807/1000 loss=-14.86444378 min_fi=14.86444378
2026-03-30 17:18:26,848 | INFO | epoch=808/1000 loss=-12.83684158 min_fi=12.83684158
2026-03-30 17:18:29,620 | INFO | epoch=809/1000 loss=-14.31295300 min_fi=14.31295300
2026-03-30 17:18:31,991 | INFO | epoch=810/1000 loss=-11.17242622 min_fi=11.17242622
2026-03-30 17:18:35,182 | INFO | epoch=811/1000 loss=-15.01214123 min_fi=15.01214123
2026-03-30 17:18:37,864 | INFO | epoch=812/1000 loss=-10.02581596 min_fi=10.02581596
2026-03-30 17:18:41,390 | INFO | epoch=813/1000 loss=-8.67650604 min_fi=8.67650604
2026-03-30 17:18:43,728 | INFO | epoch=814/1000 loss=-8.57035637 min_fi=8.57035637
2026-03-30 17:18:46,679 | INFO | epoch=815/1000 loss=-8.83433723 min_fi=8.83433723
2026-03-30 17:18:48,475 | INFO | epoch=816/1000 loss=-11.07259846 min_fi=11.07259846
2026-03-30 17:18:50,680 | INFO | epoch=817/1000 loss=-7.98889542 min_fi=7.98889542
2026-03-30 17:18:53,451 | INFO | epoch=818/1000 loss=-8.58542252 min_fi=8.58542252
2026-03-30 17:18:56,371 | INFO | epoch=819/1000 loss=-10.06237793 min_fi=10.06237793
2026-03-30 17:18:59,239 | INFO | epoch=820/1000 loss=-10.07565784 min_fi=10.07565784
2026-03-30 17:19:01,763 | INFO | epoch=821/1000 loss=-10.04041290 min_fi=10.04041290
2026-03-30 17:19:04,553 | INFO | epoch=822/1000 loss=-10.00741577 min_fi=10.00741577
2026-03-30 17:19:07,179 | INFO | epoch=823/1000 loss=-9.49371529 min_fi=9.49371529
2026-03-30 17:19:10,733 | INFO | epoch=824/1000 loss=-10.27677822 min_fi=10.27677822
2026-03-30 17:19:13,175 | INFO | epoch=825/1000 loss=-10.75758076 min_fi=10.75758076
2026-03-30 17:19:16,444 | INFO | epoch=826/1000 loss=-11.80182838 min_fi=11.80182838
2026-03-30 17:19:20,056 | INFO | epoch=827/1000 loss=-12.99936008 min_fi=12.99936008
2026-03-30 17:19:21,894 | INFO | epoch=828/1000 loss=-12.15592766 min_fi=12.15592766
2026-03-30 17:19:23,748 | INFO | epoch=829/1000 loss=-12.05924034 min_fi=12.05924034
2026-03-30 17:19:25,724 | INFO | epoch=830/1000 loss=-11.76467609 min_fi=11.76467609
2026-03-30 17:19:28,417 | INFO | epoch=831/1000 loss=-10.59753418 min_fi=10.59753418
2026-03-30 17:19:31,711 | INFO | epoch=832/1000 loss=-11.32390308 min_fi=11.32390308
2026-03-30 17:19:34,526 | INFO | epoch=833/1000 loss=-13.71665764 min_fi=13.71665764
2026-03-30 17:19:36,808 | INFO | epoch=834/1000 loss=-13.13213253 min_fi=13.13213253
2026-03-30 17:19:39,152 | INFO | epoch=835/1000 loss=-12.64796257 min_fi=12.64796257
2026-03-30 17:19:40,712 | INFO | epoch=836/1000 loss=-12.61013794 min_fi=12.61013794
2026-03-30 17:19:43,005 | INFO | epoch=837/1000 loss=-12.56860542 min_fi=12.56860542
2026-03-30 17:19:45,148 | INFO | epoch=838/1000 loss=-12.37172699 min_fi=12.37172699
2026-03-30 17:19:47,730 | INFO | epoch=839/1000 loss=-12.70189762 min_fi=12.70189762
2026-03-30 17:19:50,840 | INFO | epoch=840/1000 loss=-13.10353279 min_fi=13.10353279
2026-03-30 17:19:53,454 | INFO | epoch=841/1000 loss=-13.11862850 min_fi=13.11862850
2026-03-30 17:19:57,113 | INFO | epoch=842/1000 loss=-12.78478527 min_fi=12.78478527
2026-03-30 17:19:59,555 | INFO | epoch=843/1000 loss=-13.12779903 min_fi=13.12779903
2026-03-30 17:20:02,964 | INFO | epoch=844/1000 loss=-13.90279865 min_fi=13.90279865
2026-03-30 17:20:05,478 | INFO | epoch=845/1000 loss=-13.97762108 min_fi=13.97762108
2026-03-30 17:20:07,988 | INFO | epoch=846/1000 loss=-14.27715969 min_fi=14.27715969
2026-03-30 17:20:10,985 | INFO | epoch=847/1000 loss=-12.43036842 min_fi=12.43036842
2026-03-30 17:20:13,845 | INFO | epoch=848/1000 loss=-12.99138165 min_fi=12.99138165
2026-03-30 17:20:17,216 | INFO | epoch=849/1000 loss=-13.55368233 min_fi=13.55368233
2026-03-30 17:20:20,350 | INFO | epoch=850/1000 loss=-12.83844566 min_fi=12.83844566
2026-03-30 17:20:23,498 | INFO | epoch=851/1000 loss=-11.52754784 min_fi=11.52754784
2026-03-30 17:20:25,369 | INFO | epoch=852/1000 loss=-12.70858765 min_fi=12.70858765
2026-03-30 17:20:26,952 | INFO | epoch=853/1000 loss=-12.74130440 min_fi=12.74130440
2026-03-30 17:20:29,683 | INFO | epoch=854/1000 loss=-12.67700958 min_fi=12.67700958
2026-03-30 17:20:32,440 | INFO | epoch=855/1000 loss=-10.01780033 min_fi=10.01780033
2026-03-30 17:20:35,524 | INFO | epoch=856/1000 loss=-9.13101482 min_fi=9.13101482
2026-03-30 17:20:37,725 | INFO | epoch=857/1000 loss=-9.06374645 min_fi=9.06374645
2026-03-30 17:20:41,403 | INFO | epoch=858/1000 loss=-9.44184208 min_fi=9.44184208
2026-03-30 17:20:44,093 | INFO | epoch=859/1000 loss=-10.39187431 min_fi=10.39187431
2026-03-30 17:20:46,698 | INFO | epoch=860/1000 loss=-11.87623405 min_fi=11.87623405
2026-03-30 17:20:47,908 | INFO | epoch=861/1000 loss=-12.15519428 min_fi=12.15519428
2026-03-30 17:20:51,291 | INFO | epoch=862/1000 loss=-12.95344734 min_fi=12.95344734
2026-03-30 17:20:54,509 | INFO | epoch=863/1000 loss=-12.24901676 min_fi=12.24901676
2026-03-30 17:20:56,855 | INFO | epoch=864/1000 loss=-12.82568550 min_fi=12.82568550
2026-03-30 17:21:00,315 | INFO | epoch=865/1000 loss=-12.21759319 min_fi=12.21759319
2026-03-30 17:21:02,509 | INFO | epoch=866/1000 loss=-12.67286205 min_fi=12.67286205
2026-03-30 17:21:05,453 | INFO | epoch=867/1000 loss=-11.05589199 min_fi=11.05589199
2026-03-30 17:21:06,844 | INFO | epoch=868/1000 loss=-13.50919724 min_fi=13.50919724
2026-03-30 17:21:09,638 | INFO | epoch=869/1000 loss=-13.54565430 min_fi=13.54565430
2026-03-30 17:21:12,487 | INFO | epoch=870/1000 loss=-12.33885574 min_fi=12.33885574
2026-03-30 17:21:14,823 | INFO | epoch=871/1000 loss=-11.76186371 min_fi=11.76186371
2026-03-30 17:21:16,353 | INFO | epoch=872/1000 loss=-12.20690727 min_fi=12.20690727
2026-03-30 17:21:20,149 | INFO | epoch=873/1000 loss=-11.37761784 min_fi=11.37761784
2026-03-30 17:21:21,527 | INFO | epoch=874/1000 loss=-11.19876289 min_fi=11.19876289
2026-03-30 17:21:25,326 | INFO | epoch=875/1000 loss=-10.90213776 min_fi=10.90213776
2026-03-30 17:21:29,064 | INFO | epoch=876/1000 loss=-10.64169025 min_fi=10.64169025
2026-03-30 17:21:31,862 | INFO | epoch=877/1000 loss=-10.52939415 min_fi=10.52939415
2026-03-30 17:21:34,417 | INFO | epoch=878/1000 loss=-10.55533409 min_fi=10.55533409
2026-03-30 17:21:37,265 | INFO | epoch=879/1000 loss=-10.80314064 min_fi=10.80314064
2026-03-30 17:21:41,799 | INFO | epoch=880/1000 loss=-11.80080891 min_fi=11.80080891
2026-03-30 17:21:44,233 | INFO | epoch=881/1000 loss=-12.01890564 min_fi=12.01890564
2026-03-30 17:21:46,979 | INFO | epoch=882/1000 loss=-12.23430538 min_fi=12.23430538
2026-03-30 17:21:49,009 | INFO | epoch=883/1000 loss=-13.11159611 min_fi=13.11159611
2026-03-30 17:21:51,895 | INFO | epoch=884/1000 loss=-12.14221191 min_fi=12.14221191
2026-03-30 17:21:53,852 | INFO | epoch=885/1000 loss=-12.71555901 min_fi=12.71555901
2026-03-30 17:21:57,036 | INFO | epoch=886/1000 loss=-13.38760662 min_fi=13.38760662
2026-03-30 17:21:59,421 | INFO | epoch=887/1000 loss=-12.60713482 min_fi=12.60713482
2026-03-30 17:22:03,388 | INFO | epoch=888/1000 loss=-13.56441593 min_fi=13.56441593
2026-03-30 17:22:06,327 | INFO | epoch=889/1000 loss=-14.09597111 min_fi=14.09597111
2026-03-30 17:22:08,870 | INFO | epoch=890/1000 loss=-14.03656292 min_fi=14.03656292
2026-03-30 17:22:11,610 | INFO | epoch=891/1000 loss=-14.64358139 min_fi=14.64358139
2026-03-30 17:22:13,643 | INFO | epoch=892/1000 loss=-13.28458595 min_fi=13.28458595
2026-03-30 17:22:16,728 | INFO | epoch=893/1000 loss=-13.45178223 min_fi=13.45178223
2026-03-30 17:22:19,942 | INFO | epoch=894/1000 loss=-12.96886826 min_fi=12.96886826
2026-03-30 17:22:23,254 | INFO | epoch=895/1000 loss=-11.46491528 min_fi=11.46491528
2026-03-30 17:22:26,285 | INFO | epoch=896/1000 loss=-10.87430000 min_fi=10.87430000
2026-03-30 17:22:29,904 | INFO | epoch=897/1000 loss=-10.81125259 min_fi=10.81125259
2026-03-30 17:22:32,611 | INFO | epoch=898/1000 loss=-10.87362099 min_fi=10.87362099
2026-03-30 17:22:34,105 | INFO | epoch=899/1000 loss=-11.20879269 min_fi=11.20879269
2026-03-30 17:22:35,443 | INFO | epoch=900/1000 loss=-11.65343952 min_fi=11.65343952
2026-03-30 17:22:37,970 | INFO | epoch=901/1000 loss=-11.33498573 min_fi=11.33498573
2026-03-30 17:22:40,835 | INFO | epoch=902/1000 loss=-10.98631382 min_fi=10.98631382
2026-03-30 17:22:43,937 | INFO | epoch=903/1000 loss=-11.55179596 min_fi=11.55179596
2026-03-30 17:22:46,811 | INFO | epoch=904/1000 loss=-11.12569523 min_fi=11.12569523
2026-03-30 17:22:49,308 | INFO | epoch=905/1000 loss=-10.80854988 min_fi=10.80854988
2026-03-30 17:22:52,155 | INFO | epoch=906/1000 loss=-10.70546341 min_fi=10.70546341
2026-03-30 17:22:55,336 | INFO | epoch=907/1000 loss=-10.71481609 min_fi=10.71481609
2026-03-30 17:22:58,401 | INFO | epoch=908/1000 loss=-10.81132698 min_fi=10.81132698
2026-03-30 17:23:01,872 | INFO | epoch=909/1000 loss=-10.99518681 min_fi=10.99518681
2026-03-30 17:23:05,284 | INFO | epoch=910/1000 loss=-11.28475475 min_fi=11.28475475
2026-03-30 17:23:07,706 | INFO | epoch=911/1000 loss=-11.71843338 min_fi=11.71843338
2026-03-30 17:23:11,162 | INFO | epoch=912/1000 loss=-11.96884727 min_fi=11.96884727
2026-03-30 17:23:14,757 | INFO | epoch=913/1000 loss=-12.99041653 min_fi=12.99041653
2026-03-30 17:23:18,751 | INFO | epoch=914/1000 loss=-12.99563217 min_fi=12.99563217
2026-03-30 17:23:21,763 | INFO | epoch=915/1000 loss=-13.48120689 min_fi=13.48120689
2026-03-30 17:23:25,358 | INFO | epoch=916/1000 loss=-12.84892845 min_fi=12.84892845
2026-03-30 17:23:28,543 | INFO | epoch=917/1000 loss=-13.40020943 min_fi=13.40020943
2026-03-30 17:23:30,573 | INFO | epoch=918/1000 loss=-12.61861897 min_fi=12.61861897
2026-03-30 17:23:33,679 | INFO | epoch=919/1000 loss=-13.44984722 min_fi=13.44984722
2026-03-30 17:23:36,312 | INFO | epoch=920/1000 loss=-13.26557446 min_fi=13.26557446
2026-03-30 17:23:39,729 | INFO | epoch=921/1000 loss=-13.93700790 min_fi=13.93700790
2026-03-30 17:23:42,956 | INFO | epoch=922/1000 loss=-13.84712887 min_fi=13.84712887
2026-03-30 17:23:46,267 | INFO | epoch=923/1000 loss=-13.37026024 min_fi=13.37026024
2026-03-30 17:23:49,571 | INFO | epoch=924/1000 loss=-10.64463139 min_fi=10.64463139
2026-03-30 17:23:53,053 | INFO | epoch=925/1000 loss=-13.53696251 min_fi=13.53696251
2026-03-30 17:23:55,873 | INFO | epoch=926/1000 loss=-13.71687412 min_fi=13.71687412
2026-03-30 17:23:59,362 | INFO | epoch=927/1000 loss=-13.45042992 min_fi=13.45042992
2026-03-30 17:24:02,816 | INFO | epoch=928/1000 loss=-11.01533985 min_fi=11.01533985
2026-03-30 17:24:05,184 | INFO | epoch=929/1000 loss=-14.17154503 min_fi=14.17154503
2026-03-30 17:24:07,492 | INFO | epoch=930/1000 loss=-14.81905079 min_fi=14.81905079
2026-03-30 17:24:10,885 | INFO | epoch=931/1000 loss=-13.65657902 min_fi=13.65657902
2026-03-30 17:24:12,758 | INFO | epoch=932/1000 loss=-14.37925434 min_fi=14.37925434
2026-03-30 17:24:15,759 | INFO | epoch=933/1000 loss=-16.44420624 min_fi=16.44420624
2026-03-30 17:24:18,307 | INFO | epoch=934/1000 loss=-13.31769466 min_fi=13.31769466
2026-03-30 17:24:20,755 | INFO | epoch=935/1000 loss=-12.39252090 min_fi=12.39252090
2026-03-30 17:24:24,309 | INFO | epoch=936/1000 loss=-12.03646278 min_fi=12.03646278
2026-03-30 17:24:26,784 | INFO | epoch=937/1000 loss=-12.05971622 min_fi=12.05971622
2026-03-30 17:24:30,537 | INFO | epoch=938/1000 loss=-12.63979816 min_fi=12.63979816
2026-03-30 17:24:33,115 | INFO | epoch=939/1000 loss=-14.04644203 min_fi=14.04644203
2026-03-30 17:24:36,356 | INFO | epoch=940/1000 loss=-13.11962414 min_fi=13.11962414
2026-03-30 17:24:39,625 | INFO | epoch=941/1000 loss=-14.24107170 min_fi=14.24107170
2026-03-30 17:24:42,853 | INFO | epoch=942/1000 loss=-13.82171631 min_fi=13.82171631
2026-03-30 17:24:45,524 | INFO | epoch=943/1000 loss=-14.36991692 min_fi=14.36991692
2026-03-30 17:24:48,536 | INFO | epoch=944/1000 loss=-11.67401600 min_fi=11.67401600
2026-03-30 17:24:51,333 | INFO | epoch=945/1000 loss=-14.18342304 min_fi=14.18342304
2026-03-30 17:24:54,242 | INFO | epoch=946/1000 loss=-14.96112728 min_fi=14.96112728
2026-03-30 17:24:57,654 | INFO | epoch=947/1000 loss=-14.42938709 min_fi=14.42938709
2026-03-30 17:25:00,985 | INFO | epoch=948/1000 loss=-14.98219872 min_fi=14.98219872
2026-03-30 17:25:03,939 | INFO | epoch=949/1000 loss=-14.86268902 min_fi=14.86268902
2026-03-30 17:25:07,707 | INFO | epoch=950/1000 loss=-11.32529736 min_fi=11.32529736
2026-03-30 17:25:10,489 | INFO | epoch=951/1000 loss=-10.12786293 min_fi=10.12786293
2026-03-30 17:25:13,943 | INFO | epoch=952/1000 loss=-10.45313358 min_fi=10.45313358
2026-03-30 17:25:15,059 | INFO | epoch=953/1000 loss=-12.23088646 min_fi=12.23088646
2026-03-30 17:25:16,883 | INFO | epoch=954/1000 loss=-12.32373047 min_fi=12.32373047
2026-03-30 17:25:19,646 | INFO | epoch=955/1000 loss=-11.17614365 min_fi=11.17614365
2026-03-30 17:25:22,141 | INFO | epoch=956/1000 loss=-10.53449059 min_fi=10.53449059
2026-03-30 17:25:25,274 | INFO | epoch=957/1000 loss=-10.39993477 min_fi=10.39993477
2026-03-30 17:25:28,386 | INFO | epoch=958/1000 loss=-10.56796551 min_fi=10.56796551
2026-03-30 17:25:29,957 | INFO | epoch=959/1000 loss=-10.81252193 min_fi=10.81252193
2026-03-30 17:25:32,158 | INFO | epoch=960/1000 loss=-11.30898476 min_fi=11.30898476
2026-03-30 17:25:36,679 | INFO | epoch=961/1000 loss=-11.01325226 min_fi=11.01325226
2026-03-30 17:25:38,916 | INFO | epoch=962/1000 loss=-11.42915344 min_fi=11.42915344
2026-03-30 17:25:42,522 | INFO | epoch=963/1000 loss=-11.59456348 min_fi=11.59456348
2026-03-30 17:25:46,157 | INFO | epoch=964/1000 loss=-12.23382568 min_fi=12.23382568
2026-03-30 17:25:48,452 | INFO | epoch=965/1000 loss=-12.22939968 min_fi=12.22939968
2026-03-30 17:25:49,501 | INFO | epoch=966/1000 loss=-12.69656658 min_fi=12.69656658
2026-03-30 17:25:51,819 | INFO | epoch=967/1000 loss=-12.63760185 min_fi=12.63760185
2026-03-30 17:25:54,976 | INFO | epoch=968/1000 loss=-11.08743763 min_fi=11.08743763
2026-03-30 17:25:58,303 | INFO | epoch=969/1000 loss=-11.04064655 min_fi=11.04064655
2026-03-30 17:26:02,339 | INFO | epoch=970/1000 loss=-11.44379711 min_fi=11.44379711
2026-03-30 17:26:04,451 | INFO | epoch=971/1000 loss=-12.25137329 min_fi=12.25137329
2026-03-30 17:26:07,601 | INFO | epoch=972/1000 loss=-11.82713985 min_fi=11.82713985
2026-03-30 17:26:10,602 | INFO | epoch=973/1000 loss=-12.17639637 min_fi=12.17639637
2026-03-30 17:26:13,950 | INFO | epoch=974/1000 loss=-11.51550198 min_fi=11.51550198
2026-03-30 17:26:15,891 | INFO | epoch=975/1000 loss=-11.42394447 min_fi=11.42394447
2026-03-30 17:26:18,435 | INFO | epoch=976/1000 loss=-11.22990799 min_fi=11.22990799
2026-03-30 17:26:22,229 | INFO | epoch=977/1000 loss=-11.56548405 min_fi=11.56548405
2026-03-30 17:26:25,815 | INFO | epoch=978/1000 loss=-13.00265121 min_fi=13.00265121
2026-03-30 17:26:27,474 | INFO | epoch=979/1000 loss=-12.84511852 min_fi=12.84511852
2026-03-30 17:26:29,907 | INFO | epoch=980/1000 loss=-13.05030632 min_fi=13.05030632
2026-03-30 17:26:32,942 | INFO | epoch=981/1000 loss=-12.54066277 min_fi=12.54066277
2026-03-30 17:26:35,543 | INFO | epoch=982/1000 loss=-13.01200485 min_fi=13.01200485
2026-03-30 17:26:38,096 | INFO | epoch=983/1000 loss=-13.56877804 min_fi=13.56877804
2026-03-30 17:26:40,965 | INFO | epoch=984/1000 loss=-14.13556385 min_fi=14.13556385
2026-03-30 17:26:43,767 | INFO | epoch=985/1000 loss=-13.38251400 min_fi=13.38251400
2026-03-30 17:26:46,326 | INFO | epoch=986/1000 loss=-12.48099899 min_fi=12.48099899
2026-03-30 17:26:49,937 | INFO | epoch=987/1000 loss=-12.95686054 min_fi=12.95686054
2026-03-30 17:26:53,307 | INFO | epoch=988/1000 loss=-12.76429844 min_fi=12.76429844
2026-03-30 17:26:57,025 | INFO | epoch=989/1000 loss=-13.99464893 min_fi=13.99464893
2026-03-30 17:26:59,967 | INFO | epoch=990/1000 loss=-13.76891041 min_fi=13.76891041
2026-03-30 17:27:02,229 | INFO | epoch=991/1000 loss=-13.81817436 min_fi=13.81817436
2026-03-30 17:27:05,195 | INFO | epoch=992/1000 loss=-12.85484409 min_fi=12.85484409
2026-03-30 17:27:07,792 | INFO | epoch=993/1000 loss=-12.76699829 min_fi=12.76699829
2026-03-30 17:27:11,013 | INFO | epoch=994/1000 loss=-11.59178829 min_fi=11.59178829
2026-03-30 17:27:14,417 | INFO | epoch=995/1000 loss=-11.76338291 min_fi=11.76338291
2026-03-30 17:27:17,238 | INFO | epoch=996/1000 loss=-10.33236122 min_fi=10.33236122
2026-03-30 17:27:20,536 | INFO | epoch=997/1000 loss=-10.59565830 min_fi=10.59565830
2026-03-30 17:27:24,057 | INFO | epoch=998/1000 loss=-11.54028702 min_fi=11.54028702
2026-03-30 17:27:27,256 | INFO | epoch=999/1000 loss=-12.90028667 min_fi=12.90028667
2026-03-30 17:27:30,118 | INFO | epoch=1000/1000 loss=-12.73192501 min_fi=12.73192501
2026-03-30 17:27:30,316 | INFO | training finished final_min_fi=12.73192501 best_min_fi=17.72768021 best_epoch=547
